<?xml version="1.0" encoding="ISO-8859-1" ?>
<link_info>
   <banner>TI ARM Linker Unix v18.12.3.LTS</banner>
   <copyright>Copyright (c) 1996-2018 Texas Instruments Incorporated</copyright>
   <link_time>0x5e3ceb1d</link_time>
   <link_errors>0x0</link_errors>
   <output_file>GM2804.out</output_file>
   <entry_point>
      <name>_c_int00</name>
      <address>0xbf6c</address>
   </entry_point>
   <input_file_list>
      <input_file id="fl-2">
         <path>./source/</path>
         <kind>object</kind>
         <file>HL_epc.obj</file>
         <name>HL_epc.obj</name>
      </input_file>
      <input_file id="fl-3">
         <path>./source/</path>
         <kind>object</kind>
         <file>HL_errata.obj</file>
         <name>HL_errata.obj</name>
      </input_file>
      <input_file id="fl-4">
         <path>./source/</path>
         <kind>object</kind>
         <file>HL_errata_SSWF021_45.obj</file>
         <name>HL_errata_SSWF021_45.obj</name>
      </input_file>
      <input_file id="fl-5">
         <path>./source/</path>
         <kind>object</kind>
         <file>HL_esm.obj</file>
         <name>HL_esm.obj</name>
      </input_file>
      <input_file id="fl-6">
         <path>./source/</path>
         <kind>object</kind>
         <file>HL_nmpu.obj</file>
         <name>HL_nmpu.obj</name>
      </input_file>
      <input_file id="fl-7">
         <path>./source/</path>
         <kind>object</kind>
         <file>HL_notification.obj</file>
         <name>HL_notification.obj</name>
      </input_file>
      <input_file id="fl-8">
         <path>./source/</path>
         <kind>object</kind>
         <file>HL_pinmux.obj</file>
         <name>HL_pinmux.obj</name>
      </input_file>
      <input_file id="fl-9">
         <path>./source/</path>
         <kind>object</kind>
         <file>HL_sys_core.obj</file>
         <name>HL_sys_core.obj</name>
      </input_file>
      <input_file id="fl-a">
         <path>./source/</path>
         <kind>object</kind>
         <file>HL_sys_dma.obj</file>
         <name>HL_sys_dma.obj</name>
      </input_file>
      <input_file id="fl-b">
         <path>./source/</path>
         <kind>object</kind>
         <file>HL_sys_intvecs.obj</file>
         <name>HL_sys_intvecs.obj</name>
      </input_file>
      <input_file id="fl-c">
         <path>./source/</path>
         <kind>object</kind>
         <file>HL_sys_main.obj</file>
         <name>HL_sys_main.obj</name>
      </input_file>
      <input_file id="fl-d">
         <path>./source/</path>
         <kind>object</kind>
         <file>HL_sys_mpu.obj</file>
         <name>HL_sys_mpu.obj</name>
      </input_file>
      <input_file id="fl-e">
         <path>./source/</path>
         <kind>object</kind>
         <file>HL_sys_pcr.obj</file>
         <name>HL_sys_pcr.obj</name>
      </input_file>
      <input_file id="fl-f">
         <path>./source/</path>
         <kind>object</kind>
         <file>HL_sys_phantom.obj</file>
         <name>HL_sys_phantom.obj</name>
      </input_file>
      <input_file id="fl-10">
         <path>./source/</path>
         <kind>object</kind>
         <file>HL_sys_pmm.obj</file>
         <name>HL_sys_pmm.obj</name>
      </input_file>
      <input_file id="fl-11">
         <path>./source/</path>
         <kind>object</kind>
         <file>HL_sys_pmu.obj</file>
         <name>HL_sys_pmu.obj</name>
      </input_file>
      <input_file id="fl-12">
         <path>./source/</path>
         <kind>object</kind>
         <file>HL_sys_startup.obj</file>
         <name>HL_sys_startup.obj</name>
      </input_file>
      <input_file id="fl-13">
         <path>./source/</path>
         <kind>object</kind>
         <file>HL_sys_vim.obj</file>
         <name>HL_sys_vim.obj</name>
      </input_file>
      <input_file id="fl-14">
         <path>./source/</path>
         <kind>object</kind>
         <file>HL_system.obj</file>
         <name>HL_system.obj</name>
      </input_file>
      <input_file id="fl-15">
         <path>./source/</path>
         <kind>object</kind>
         <file>os_croutine.obj</file>
         <name>os_croutine.obj</name>
      </input_file>
      <input_file id="fl-16">
         <path>./source/</path>
         <kind>object</kind>
         <file>os_event_groups.obj</file>
         <name>os_event_groups.obj</name>
      </input_file>
      <input_file id="fl-17">
         <path>./source/</path>
         <kind>object</kind>
         <file>os_heap.obj</file>
         <name>os_heap.obj</name>
      </input_file>
      <input_file id="fl-18">
         <path>./source/</path>
         <kind>object</kind>
         <file>os_list.obj</file>
         <name>os_list.obj</name>
      </input_file>
      <input_file id="fl-19">
         <path>./source/</path>
         <kind>object</kind>
         <file>os_mpu_wrappers.obj</file>
         <name>os_mpu_wrappers.obj</name>
      </input_file>
      <input_file id="fl-1a">
         <path>./source/</path>
         <kind>object</kind>
         <file>os_port.obj</file>
         <name>os_port.obj</name>
      </input_file>
      <input_file id="fl-1b">
         <path>./source/</path>
         <kind>object</kind>
         <file>os_portasm.obj</file>
         <name>os_portasm.obj</name>
      </input_file>
      <input_file id="fl-1c">
         <path>./source/</path>
         <kind>object</kind>
         <file>os_queue.obj</file>
         <name>os_queue.obj</name>
      </input_file>
      <input_file id="fl-1d">
         <path>./source/</path>
         <kind>object</kind>
         <file>os_tasks.obj</file>
         <name>os_tasks.obj</name>
      </input_file>
      <input_file id="fl-1e">
         <path>./source/</path>
         <kind>object</kind>
         <file>os_timer.obj</file>
         <name>os_timer.obj</name>
      </input_file>
      <input_file id="fl-22">
         <kind>object</kind>
         <file>&lt;internal&gt;</file>
         <name>&lt;internal&gt;</name>
      </input_file>
      <input_file id="fl-d8">
         <path>/home/marco/ti/ccs920/ccs/tools/compiler/ti-cgt-arm_18.12.3.LTS/lib/</path>
         <kind>archive</kind>
         <file>rtsv7R4_A_be_v3D16_eabi.lib</file>
         <name>memcpy32.asm.obj</name>
      </input_file>
      <input_file id="fl-d9">
         <path>/home/marco/ti/ccs920/ccs/tools/compiler/ti-cgt-arm_18.12.3.LTS/lib/</path>
         <kind>archive</kind>
         <file>rtsv7R4_A_be_v3D16_eabi.lib</file>
         <name>memset32.asm.obj</name>
      </input_file>
      <input_file id="fl-da">
         <path>/home/marco/ti/ccs920/ccs/tools/compiler/ti-cgt-arm_18.12.3.LTS/lib/</path>
         <kind>archive</kind>
         <file>rtsv7R4_A_be_v3D16_eabi.lib</file>
         <name>autoinit.c.obj</name>
      </input_file>
      <input_file id="fl-db">
         <path>/home/marco/ti/ccs920/ccs/tools/compiler/ti-cgt-arm_18.12.3.LTS/lib/</path>
         <kind>archive</kind>
         <file>rtsv7R4_A_be_v3D16_eabi.lib</file>
         <name>cpy_tbl.c.obj</name>
      </input_file>
      <input_file id="fl-dc">
         <path>/home/marco/ti/ccs920/ccs/tools/compiler/ti-cgt-arm_18.12.3.LTS/lib/</path>
         <kind>archive</kind>
         <file>rtsv7R4_A_be_v3D16_eabi.lib</file>
         <name>copy_zero_init.c.obj</name>
      </input_file>
      <input_file id="fl-dd">
         <path>/home/marco/ti/ccs920/ccs/tools/compiler/ti-cgt-arm_18.12.3.LTS/lib/</path>
         <kind>archive</kind>
         <file>rtsv7R4_A_be_v3D16_eabi.lib</file>
         <name>copy_decompress_none.c.obj</name>
      </input_file>
      <input_file id="fl-de">
         <path>/home/marco/ti/ccs920/ccs/tools/compiler/ti-cgt-arm_18.12.3.LTS/lib/</path>
         <kind>archive</kind>
         <file>rtsv7R4_A_be_v3D16_eabi.lib</file>
         <name>copy_decompress_lzss.c.obj</name>
      </input_file>
      <input_file id="fl-df">
         <path>/home/marco/ti/ccs920/ccs/tools/compiler/ti-cgt-arm_18.12.3.LTS/lib/</path>
         <kind>archive</kind>
         <file>rtsv7R4_A_be_v3D16_eabi.lib</file>
         <name>exit.c.obj</name>
      </input_file>
      <input_file id="fl-e0">
         <path>/home/marco/ti/ccs920/ccs/tools/compiler/ti-cgt-arm_18.12.3.LTS/lib/</path>
         <kind>archive</kind>
         <file>rtsv7R4_A_be_v3D16_eabi.lib</file>
         <name>_lock.c.obj</name>
      </input_file>
      <input_file id="fl-e1">
         <path>/home/marco/ti/ccs920/ccs/tools/compiler/ti-cgt-arm_18.12.3.LTS/lib/</path>
         <kind>archive</kind>
         <file>rtsv7R4_A_be_v3D16_eabi.lib</file>
         <name>strlen.c.obj</name>
      </input_file>
   </input_file_list>
   <object_component_list>
      <object_component id="oc-2a">
         <name>.intvecs</name>
         <load_address>0x0</load_address>
         <run_address>0x0</run_address>
         <size>0x20</size>
         <input_file_ref idref="fl-b"/>
      </object_component>
      <object_component id="oc-137">
         <name>.kernelTEXT</name>
         <load_address>0x20</load_address>
         <run_address>0x20</run_address>
         <size>0x2bdc</size>
         <input_file_ref idref="fl-1d"/>
      </object_component>
      <object_component id="oc-a0">
         <name>.kernelTEXT</name>
         <load_address>0x2bfc</load_address>
         <run_address>0x2bfc</run_address>
         <size>0x4b0</size>
         <input_file_ref idref="fl-1b"/>
      </object_component>
      <object_component id="oc-1c9">
         <name>.kernelTEXT</name>
         <load_address>0x30ac</load_address>
         <run_address>0x30ac</run_address>
         <size>0x3dc</size>
         <input_file_ref idref="fl-1a"/>
      </object_component>
      <object_component id="oc-1bd">
         <name>.kernelTEXT</name>
         <load_address>0x3488</load_address>
         <run_address>0x3488</run_address>
         <size>0x380</size>
         <input_file_ref idref="fl-17"/>
      </object_component>
      <object_component id="oc-2b6">
         <name>__TI_handler_table</name>
         <load_address>0x3820</load_address>
         <run_address>0x3820</run_address>
         <size>0xc</size>
      </object_component>
      <object_component id="oc-2bb">
         <name>.cinit..data.load</name>
         <load_address>0x382c</load_address>
         <run_address>0x382c</run_address>
         <size>0xb</size>
      </object_component>
      <object_component id="oc-2b8">
         <name>.cinit..kernelBSS.load</name>
         <load_address>0x3837</load_address>
         <run_address>0x3837</run_address>
         <size>0x9</size>
      </object_component>
      <object_component id="oc-2ba">
         <name>.cinit..bss.load</name>
         <load_address>0x3840</load_address>
         <run_address>0x3840</run_address>
         <size>0x8</size>
      </object_component>
      <object_component id="oc-2b9">
         <name>.cinit..kernelHEAP.load</name>
         <load_address>0x3848</load_address>
         <run_address>0x3848</run_address>
         <size>0x8</size>
      </object_component>
      <object_component id="oc-2b7">
         <name>__TI_cinit_table</name>
         <load_address>0x3850</load_address>
         <run_address>0x3850</run_address>
         <size>0x20</size>
      </object_component>
      <object_component id="oc-d7">
         <name>.text</name>
         <load_address>0x8020</load_address>
         <run_address>0x8020</run_address>
         <size>0x9c0</size>
         <input_file_ref idref="fl-8"/>
      </object_component>
      <object_component id="oc-69">
         <name>.text</name>
         <load_address>0x89e0</load_address>
         <run_address>0x89e0</run_address>
         <size>0x9ac</size>
         <input_file_ref idref="fl-14"/>
      </object_component>
      <object_component id="oc-36">
         <name>.text</name>
         <load_address>0x938c</load_address>
         <run_address>0x938c</run_address>
         <size>0x93c</size>
         <input_file_ref idref="fl-13"/>
      </object_component>
      <object_component id="oc-81">
         <name>.text</name>
         <load_address>0x9cc8</load_address>
         <run_address>0x9cc8</run_address>
         <size>0x78c</size>
         <input_file_ref idref="fl-5"/>
      </object_component>
      <object_component id="oc-6f">
         <name>.text</name>
         <load_address>0xa454</load_address>
         <run_address>0xa454</run_address>
         <size>0x664</size>
         <input_file_ref idref="fl-4"/>
      </object_component>
      <object_component id="oc-64">
         <name>.text</name>
         <load_address>0xaab8</load_address>
         <run_address>0xaab8</run_address>
         <size>0x3c4</size>
         <input_file_ref idref="fl-9"/>
      </object_component>
      <object_component id="oc-87">
         <name>.text</name>
         <load_address>0xae7c</load_address>
         <run_address>0xae7c</run_address>
         <size>0x36c</size>
         <input_file_ref idref="fl-d"/>
      </object_component>
      <object_component id="oc-35">
         <name>.text:retain</name>
         <load_address>0xb1e8</load_address>
         <run_address>0xb1e8</run_address>
         <size>0x33c</size>
         <input_file_ref idref="fl-13"/>
      </object_component>
      <object_component id="oc-21a">
         <name>.text</name>
         <load_address>0xb524</load_address>
         <run_address>0xb524</run_address>
         <size>0x278</size>
         <input_file_ref idref="fl-17"/>
      </object_component>
      <object_component id="oc-1c3">
         <name>.text</name>
         <load_address>0xb79c</load_address>
         <run_address>0xb79c</run_address>
         <size>0x238</size>
         <input_file_ref idref="fl-18"/>
      </object_component>
      <object_component id="oc-4c">
         <name>.text</name>
         <load_address>0xb9d4</load_address>
         <run_address>0xb9d4</run_address>
         <size>0x180</size>
         <input_file_ref idref="fl-d8"/>
      </object_component>
      <object_component id="oc-21">
         <name>.text:retain</name>
         <load_address>0xbb54</load_address>
         <run_address>0xbb54</run_address>
         <size>0x178</size>
         <input_file_ref idref="fl-5"/>
      </object_component>
      <object_component id="oc-1cf">
         <name>.text</name>
         <load_address>0xbccc</load_address>
         <run_address>0xbccc</run_address>
         <size>0x164</size>
         <input_file_ref idref="fl-1d"/>
      </object_component>
      <object_component id="oc-22f">
         <name>.text</name>
         <load_address>0xbe30</load_address>
         <run_address>0xbe30</run_address>
         <size>0x13c</size>
         <input_file_ref idref="fl-1a"/>
      </object_component>
      <object_component id="oc-1b">
         <name>.text:retain</name>
         <load_address>0xbf6c</load_address>
         <run_address>0xbf6c</run_address>
         <size>0xd8</size>
         <input_file_ref idref="fl-12"/>
      </object_component>
      <object_component id="oc-d0">
         <name>.text</name>
         <load_address>0xc044</load_address>
         <run_address>0xc044</run_address>
         <size>0xb0</size>
         <input_file_ref idref="fl-d9"/>
      </object_component>
      <object_component id="oc-e">
         <name>.text:decompress:lzss:__TI_decompress_lzss</name>
         <load_address>0xc0f4</load_address>
         <run_address>0xc0f4</run_address>
         <size>0x90</size>
         <input_file_ref idref="fl-de"/>
      </object_component>
      <object_component id="oc-f5">
         <name>.text:__TI_auto_init_nobinit_nopinit:__TI_auto_init_nobinit_nopinit</name>
         <load_address>0xc184</load_address>
         <run_address>0xc184</run_address>
         <size>0x68</size>
         <input_file_ref idref="fl-da"/>
      </object_component>
      <object_component id="oc-7b">
         <name>.text</name>
         <load_address>0xc1ec</load_address>
         <run_address>0xc1ec</run_address>
         <size>0x60</size>
         <input_file_ref idref="fl-7"/>
      </object_component>
      <object_component id="oc-1d8">
         <name>.text:strlen</name>
         <load_address>0xc24c</load_address>
         <run_address>0xc24c</run_address>
         <size>0x20</size>
         <input_file_ref idref="fl-e1"/>
      </object_component>
      <object_component id="oc-14">
         <name>.text:decompress:none:__TI_decompress_none</name>
         <load_address>0xc26c</load_address>
         <run_address>0xc26c</run_address>
         <size>0x14</size>
         <input_file_ref idref="fl-dd"/>
      </object_component>
      <object_component id="oc-5e">
         <name>.text:decompress:ZI:__TI_zero_init</name>
         <load_address>0xc280</load_address>
         <run_address>0xc280</run_address>
         <size>0x10</size>
         <input_file_ref idref="fl-dc"/>
      </object_component>
      <object_component id="oc-8d">
         <name>.text</name>
         <load_address>0xc290</load_address>
         <run_address>0xc290</run_address>
         <size>0x8</size>
         <input_file_ref idref="fl-c"/>
      </object_component>
      <object_component id="oc-126">
         <name>.text:abort:abort</name>
         <load_address>0xc298</load_address>
         <run_address>0xc298</run_address>
         <size>0x8</size>
         <input_file_ref idref="fl-df"/>
      </object_component>
      <object_component id="oc-75">
         <name>.text</name>
         <load_address>0xc2a0</load_address>
         <run_address>0xc2a0</run_address>
         <size>0x4</size>
         <input_file_ref idref="fl-12"/>
      </object_component>
      <object_component id="oc-2f">
         <name>.text:retain</name>
         <load_address>0xc2a4</load_address>
         <run_address>0xc2a4</run_address>
         <size>0x4</size>
         <input_file_ref idref="fl-f"/>
      </object_component>
      <object_component id="oc-27">
         <name>.const:s_vim_init</name>
         <load_address>0xc2c0</load_address>
         <run_address>0xc2c0</run_address>
         <size>0x200</size>
         <input_file_ref idref="fl-13"/>
      </object_component>
      <object_component id="oc-13d">
         <name>.kernelBSS:init</name>
         <load_address>0x80008d0</load_address>
         <run_address>0x80008d0</run_address>
         <size>0x34</size>
         <input_file_ref idref="fl-1d"/>
      </object_component>
      <object_component id="oc-1d5">
         <name>.kernelBSS:uninit</name>
         <load_address>0x8000800</load_address>
         <run_address>0x8000800</run_address>
         <size>0xd0</size>
         <input_file_ref idref="fl-1d"/>
      </object_component>
      <object_component id="oc-266">
         <name>.kernelHEAP</name>
         <uninitialized>true</uninitialized>
         <run_address>0x8001000</run_address>
         <size>0x2000</size>
         <input_file_ref idref="fl-17"/>
      </object_component>
      <object_component id="oc-223">
         <name>.bss:xStart</name>
         <uninitialized>true</uninitialized>
         <run_address>0x8003018</run_address>
         <size>0x8</size>
         <input_file_ref idref="fl-17"/>
      </object_component>
      <object_component id="oc-220">
         <name>.data</name>
         <load_address>0x8003000</load_address>
         <run_address>0x8003000</run_address>
         <size>0x10</size>
         <input_file_ref idref="fl-17"/>
      </object_component>
      <object_component id="oc-140">
         <name>.data</name>
         <load_address>0x8003010</load_address>
         <run_address>0x8003010</run_address>
         <size>0x8</size>
         <input_file_ref idref="fl-1a"/>
      </object_component>
      <object_component id="oc-173">
         <name>.debug_info</name>
         <load_address>0x0</load_address>
         <run_address>0x0</run_address>
         <size>0x382</size>
         <input_file_ref idref="fl-2"/>
      </object_component>
      <object_component id="oc-95">
         <name>.debug_info</name>
         <load_address>0x382</load_address>
         <run_address>0x382</run_address>
         <size>0x429</size>
         <input_file_ref idref="fl-2"/>
      </object_component>
      <object_component id="oc-146">
         <name>.debug_info</name>
         <load_address>0x7ab</load_address>
         <run_address>0x7ab</run_address>
         <size>0x26b</size>
         <input_file_ref idref="fl-2"/>
      </object_component>
      <object_component id="oc-9b">
         <name>.debug_info</name>
         <load_address>0xa16</load_address>
         <run_address>0xa16</run_address>
         <size>0x157</size>
         <input_file_ref idref="fl-2"/>
      </object_component>
      <object_component id="oc-b0">
         <name>.debug_info</name>
         <load_address>0xb6d</load_address>
         <run_address>0xb6d</run_address>
         <size>0x8b</size>
         <input_file_ref idref="fl-2"/>
      </object_component>
      <object_component id="oc-ab">
         <name>.debug_info</name>
         <load_address>0xbf8</load_address>
         <run_address>0xbf8</run_address>
         <size>0x18c</size>
         <input_file_ref idref="fl-2"/>
      </object_component>
      <object_component id="oc-1b8">
         <name>.debug_info</name>
         <load_address>0xd84</load_address>
         <run_address>0xd84</run_address>
         <size>0x297</size>
         <input_file_ref idref="fl-2"/>
      </object_component>
      <object_component id="oc-132">
         <name>.debug_info</name>
         <load_address>0x101b</load_address>
         <run_address>0x101b</run_address>
         <size>0xbb</size>
         <input_file_ref idref="fl-2"/>
      </object_component>
      <object_component id="oc-b5">
         <name>.debug_info</name>
         <load_address>0x10d6</load_address>
         <run_address>0x10d6</run_address>
         <size>0x86</size>
         <input_file_ref idref="fl-2"/>
      </object_component>
      <object_component id="oc-14b">
         <name>.debug_info</name>
         <load_address>0x115c</load_address>
         <run_address>0x115c</run_address>
         <size>0x102</size>
         <input_file_ref idref="fl-2"/>
      </object_component>
      <object_component id="oc-198">
         <name>.debug_info</name>
         <load_address>0x125e</load_address>
         <run_address>0x125e</run_address>
         <size>0x142</size>
         <input_file_ref idref="fl-2"/>
      </object_component>
      <object_component id="oc-150">
         <name>.debug_info</name>
         <load_address>0x13a0</load_address>
         <run_address>0x13a0</run_address>
         <size>0x285</size>
         <input_file_ref idref="fl-2"/>
      </object_component>
      <object_component id="oc-155">
         <name>.debug_info</name>
         <load_address>0x1625</load_address>
         <run_address>0x1625</run_address>
         <size>0x44a</size>
         <input_file_ref idref="fl-2"/>
      </object_component>
      <object_component id="oc-15a">
         <name>.debug_info</name>
         <load_address>0x1a6f</load_address>
         <run_address>0x1a6f</run_address>
         <size>0x1f9</size>
         <input_file_ref idref="fl-2"/>
      </object_component>
      <object_component id="oc-15f">
         <name>.debug_info</name>
         <load_address>0x1c68</load_address>
         <run_address>0x1c68</run_address>
         <size>0x152</size>
         <input_file_ref idref="fl-2"/>
      </object_component>
      <object_component id="oc-164">
         <name>.debug_info</name>
         <load_address>0x1dba</load_address>
         <run_address>0x1dba</run_address>
         <size>0x70a</size>
         <input_file_ref idref="fl-2"/>
      </object_component>
      <object_component id="oc-169">
         <name>.debug_info</name>
         <load_address>0x24c4</load_address>
         <run_address>0x24c4</run_address>
         <size>0x36d</size>
         <input_file_ref idref="fl-2"/>
      </object_component>
      <object_component id="oc-190">
         <name>.debug_info</name>
         <load_address>0x2831</load_address>
         <run_address>0x2831</run_address>
         <size>0x2bc</size>
         <input_file_ref idref="fl-4"/>
      </object_component>
      <object_component id="oc-70">
         <name>.debug_info</name>
         <load_address>0x2aed</load_address>
         <run_address>0x2aed</run_address>
         <size>0x65b</size>
         <input_file_ref idref="fl-4"/>
      </object_component>
      <object_component id="oc-47">
         <name>.debug_info</name>
         <load_address>0x3148</load_address>
         <run_address>0x3148</run_address>
         <size>0x84</size>
         <input_file_ref idref="fl-4"/>
      </object_component>
      <object_component id="oc-e0">
         <name>.debug_info</name>
         <load_address>0x31cc</load_address>
         <run_address>0x31cc</run_address>
         <size>0x9e7</size>
         <input_file_ref idref="fl-4"/>
      </object_component>
      <object_component id="oc-f3">
         <name>.debug_info</name>
         <load_address>0x3bb3</load_address>
         <run_address>0x3bb3</run_address>
         <size>0x34e</size>
         <input_file_ref idref="fl-5"/>
      </object_component>
      <object_component id="oc-82">
         <name>.debug_info</name>
         <load_address>0x3f01</load_address>
         <run_address>0x3f01</run_address>
         <size>0x10c3</size>
         <input_file_ref idref="fl-5"/>
      </object_component>
      <object_component id="oc-22">
         <name>.debug_info</name>
         <load_address>0x4fc4</load_address>
         <run_address>0x4fc4</run_address>
         <size>0x1ab</size>
         <input_file_ref idref="fl-5"/>
      </object_component>
      <object_component id="oc-ee">
         <name>.debug_info</name>
         <load_address>0x516f</load_address>
         <run_address>0x516f</run_address>
         <size>0x168</size>
         <input_file_ref idref="fl-5"/>
      </object_component>
      <object_component id="oc-e7">
         <name>.debug_info</name>
         <load_address>0x52d7</load_address>
         <run_address>0x52d7</run_address>
         <size>0x35e</size>
         <input_file_ref idref="fl-7"/>
      </object_component>
      <object_component id="oc-7c">
         <name>.debug_info</name>
         <load_address>0x5635</load_address>
         <run_address>0x5635</run_address>
         <size>0x560</size>
         <input_file_ref idref="fl-7"/>
      </object_component>
      <object_component id="oc-193">
         <name>.debug_info</name>
         <load_address>0x5b95</load_address>
         <run_address>0x5b95</run_address>
         <size>0xadd</size>
         <input_file_ref idref="fl-7"/>
      </object_component>
      <object_component id="oc-e8">
         <name>.debug_info</name>
         <load_address>0x6672</load_address>
         <run_address>0x6672</run_address>
         <size>0x6eb</size>
         <input_file_ref idref="fl-7"/>
      </object_component>
      <object_component id="oc-1f6">
         <name>.debug_info</name>
         <load_address>0x6d5d</load_address>
         <run_address>0x6d5d</run_address>
         <size>0x2b5</size>
         <input_file_ref idref="fl-8"/>
      </object_component>
      <object_component id="oc-d8">
         <name>.debug_info</name>
         <load_address>0x7012</load_address>
         <run_address>0x7012</run_address>
         <size>0x11f</size>
         <input_file_ref idref="fl-8"/>
      </object_component>
      <object_component id="oc-18b">
         <name>.debug_info</name>
         <load_address>0x7131</load_address>
         <run_address>0x7131</run_address>
         <size>0x199</size>
         <input_file_ref idref="fl-8"/>
      </object_component>
      <object_component id="oc-65">
         <name>.debug_info</name>
         <load_address>0x72ca</load_address>
         <run_address>0x72ca</run_address>
         <size>0x812</size>
         <input_file_ref idref="fl-9"/>
      </object_component>
      <object_component id="oc-2b">
         <name>.debug_info</name>
         <load_address>0x7adc</load_address>
         <run_address>0x7adc</run_address>
         <size>0x108</size>
         <input_file_ref idref="fl-b"/>
      </object_component>
      <object_component id="oc-8e">
         <name>.debug_info</name>
         <load_address>0x7be4</load_address>
         <run_address>0x7be4</run_address>
         <size>0x122</size>
         <input_file_ref idref="fl-c"/>
      </object_component>
      <object_component id="oc-88">
         <name>.debug_info</name>
         <load_address>0x7d06</load_address>
         <run_address>0x7d06</run_address>
         <size>0x43f</size>
         <input_file_ref idref="fl-d"/>
      </object_component>
      <object_component id="oc-1f5">
         <name>.debug_info</name>
         <load_address>0x8145</load_address>
         <run_address>0x8145</run_address>
         <size>0x2f6</size>
         <input_file_ref idref="fl-e"/>
      </object_component>
      <object_component id="oc-186">
         <name>.debug_info</name>
         <load_address>0x843b</load_address>
         <run_address>0x843b</run_address>
         <size>0x457</size>
         <input_file_ref idref="fl-e"/>
      </object_component>
      <object_component id="oc-30">
         <name>.debug_info</name>
         <load_address>0x8892</load_address>
         <run_address>0x8892</run_address>
         <size>0x140</size>
         <input_file_ref idref="fl-f"/>
      </object_component>
      <object_component id="oc-1c">
         <name>.debug_info</name>
         <load_address>0x89d2</load_address>
         <run_address>0x89d2</run_address>
         <size>0x2e0</size>
         <input_file_ref idref="fl-12"/>
      </object_component>
      <object_component id="oc-76">
         <name>.debug_info</name>
         <load_address>0x8cb2</load_address>
         <run_address>0x8cb2</run_address>
         <size>0x139</size>
         <input_file_ref idref="fl-12"/>
      </object_component>
      <object_component id="oc-a7">
         <name>.debug_info</name>
         <load_address>0x8deb</load_address>
         <run_address>0x8deb</run_address>
         <size>0x4ad</size>
         <input_file_ref idref="fl-13"/>
      </object_component>
      <object_component id="oc-28">
         <name>.debug_info</name>
         <load_address>0x9298</load_address>
         <run_address>0x9298</run_address>
         <size>0xe2</size>
         <input_file_ref idref="fl-13"/>
      </object_component>
      <object_component id="oc-37">
         <name>.debug_info</name>
         <load_address>0x937a</load_address>
         <run_address>0x937a</run_address>
         <size>0x492</size>
         <input_file_ref idref="fl-13"/>
      </object_component>
      <object_component id="oc-3c">
         <name>.debug_info</name>
         <load_address>0x980c</load_address>
         <run_address>0x980c</run_address>
         <size>0x1fd</size>
         <input_file_ref idref="fl-13"/>
      </object_component>
      <object_component id="oc-16e">
         <name>.debug_info</name>
         <load_address>0x9a09</load_address>
         <run_address>0x9a09</run_address>
         <size>0x4f</size>
         <input_file_ref idref="fl-13"/>
      </object_component>
      <object_component id="oc-de">
         <name>.debug_info</name>
         <load_address>0x9a58</load_address>
         <run_address>0x9a58</run_address>
         <size>0x3e4</size>
         <input_file_ref idref="fl-14"/>
      </object_component>
      <object_component id="oc-6a">
         <name>.debug_info</name>
         <load_address>0x9e3c</load_address>
         <run_address>0x9e3c</run_address>
         <size>0x63f</size>
         <input_file_ref idref="fl-14"/>
      </object_component>
      <object_component id="oc-241">
         <name>.debug_info</name>
         <load_address>0xa47b</load_address>
         <run_address>0xa47b</run_address>
         <size>0x1d2</size>
         <input_file_ref idref="fl-15"/>
      </object_component>
      <object_component id="oc-1ea">
         <name>.debug_info</name>
         <load_address>0xa64d</load_address>
         <run_address>0xa64d</run_address>
         <size>0x30c</size>
         <input_file_ref idref="fl-15"/>
      </object_component>
      <object_component id="oc-24e">
         <name>.debug_info</name>
         <load_address>0xa959</load_address>
         <run_address>0xa959</run_address>
         <size>0x379</size>
         <input_file_ref idref="fl-15"/>
      </object_component>
      <object_component id="oc-1df">
         <name>.debug_info</name>
         <load_address>0xacd2</load_address>
         <run_address>0xacd2</run_address>
         <size>0xe1</size>
         <input_file_ref idref="fl-15"/>
      </object_component>
      <object_component id="oc-27f">
         <name>.debug_info</name>
         <load_address>0xadb3</load_address>
         <run_address>0xadb3</run_address>
         <size>0xcc</size>
         <input_file_ref idref="fl-15"/>
      </object_component>
      <object_component id="oc-1e5">
         <name>.debug_info</name>
         <load_address>0xae7f</load_address>
         <run_address>0xae7f</run_address>
         <size>0x2c</size>
         <input_file_ref idref="fl-15"/>
      </object_component>
      <object_component id="oc-23a">
         <name>.debug_info</name>
         <load_address>0xaeab</load_address>
         <run_address>0xaeab</run_address>
         <size>0x14c</size>
         <input_file_ref idref="fl-15"/>
      </object_component>
      <object_component id="oc-275">
         <name>.debug_info</name>
         <load_address>0xaff7</load_address>
         <run_address>0xaff7</run_address>
         <size>0x677</size>
         <input_file_ref idref="fl-16"/>
      </object_component>
      <object_component id="oc-228">
         <name>.debug_info</name>
         <load_address>0xb66e</load_address>
         <run_address>0xb66e</run_address>
         <size>0x110</size>
         <input_file_ref idref="fl-16"/>
      </object_component>
      <object_component id="oc-288">
         <name>.debug_info</name>
         <load_address>0xb77e</load_address>
         <run_address>0xb77e</run_address>
         <size>0x39</size>
         <input_file_ref idref="fl-16"/>
      </object_component>
      <object_component id="oc-244">
         <name>.debug_info</name>
         <load_address>0xb7b7</load_address>
         <run_address>0xb7b7</run_address>
         <size>0x46</size>
         <input_file_ref idref="fl-16"/>
      </object_component>
      <object_component id="oc-28d">
         <name>.debug_info</name>
         <load_address>0xb7fd</load_address>
         <run_address>0xb7fd</run_address>
         <size>0x62</size>
         <input_file_ref idref="fl-16"/>
      </object_component>
      <object_component id="oc-227">
         <name>.debug_info</name>
         <load_address>0xb85f</load_address>
         <run_address>0xb85f</run_address>
         <size>0x41f</size>
         <input_file_ref idref="fl-17"/>
      </object_component>
      <object_component id="oc-267">
         <name>.debug_info</name>
         <load_address>0xbc7e</load_address>
         <run_address>0xbc7e</run_address>
         <size>0xd7</size>
         <input_file_ref idref="fl-17"/>
      </object_component>
      <object_component id="oc-224">
         <name>.debug_info</name>
         <load_address>0xbd55</load_address>
         <run_address>0xbd55</run_address>
         <size>0xd7</size>
         <input_file_ref idref="fl-17"/>
      </object_component>
      <object_component id="oc-221">
         <name>.debug_info</name>
         <load_address>0xbe2c</load_address>
         <run_address>0xbe2c</run_address>
         <size>0x18b</size>
         <input_file_ref idref="fl-17"/>
      </object_component>
      <object_component id="oc-1be">
         <name>.debug_info</name>
         <load_address>0xbfb7</load_address>
         <run_address>0xbfb7</run_address>
         <size>0x534</size>
         <input_file_ref idref="fl-17"/>
      </object_component>
      <object_component id="oc-21b">
         <name>.debug_info</name>
         <load_address>0xc4eb</load_address>
         <run_address>0xc4eb</run_address>
         <size>0x2ae</size>
         <input_file_ref idref="fl-17"/>
      </object_component>
      <object_component id="oc-26e">
         <name>.debug_info</name>
         <load_address>0xc799</load_address>
         <run_address>0xc799</run_address>
         <size>0x62</size>
         <input_file_ref idref="fl-17"/>
      </object_component>
      <object_component id="oc-22e">
         <name>.debug_info</name>
         <load_address>0xc7fb</load_address>
         <run_address>0xc7fb</run_address>
         <size>0x35a</size>
         <input_file_ref idref="fl-18"/>
      </object_component>
      <object_component id="oc-1c4">
         <name>.debug_info</name>
         <load_address>0xcb55</load_address>
         <run_address>0xcb55</run_address>
         <size>0x4b5</size>
         <input_file_ref idref="fl-18"/>
      </object_component>
      <object_component id="oc-236">
         <name>.debug_info</name>
         <load_address>0xd00a</load_address>
         <run_address>0xd00a</run_address>
         <size>0x3f1</size>
         <input_file_ref idref="fl-1a"/>
      </object_component>
      <object_component id="oc-141">
         <name>.debug_info</name>
         <load_address>0xd3fb</load_address>
         <run_address>0xd3fb</run_address>
         <size>0x125</size>
         <input_file_ref idref="fl-1a"/>
      </object_component>
      <object_component id="oc-1ca">
         <name>.debug_info</name>
         <load_address>0xd520</load_address>
         <run_address>0xd520</run_address>
         <size>0x5a0</size>
         <input_file_ref idref="fl-1a"/>
      </object_component>
      <object_component id="oc-230">
         <name>.debug_info</name>
         <load_address>0xdac0</load_address>
         <run_address>0xdac0</run_address>
         <size>0x25c</size>
         <input_file_ref idref="fl-1a"/>
      </object_component>
      <object_component id="oc-a1">
         <name>.debug_info</name>
         <load_address>0xdd1c</load_address>
         <run_address>0xdd1c</run_address>
         <size>0x4db</size>
         <input_file_ref idref="fl-1b"/>
      </object_component>
      <object_component id="oc-1e4">
         <name>.debug_info</name>
         <load_address>0xe1f7</load_address>
         <run_address>0xe1f7</run_address>
         <size>0x848</size>
         <input_file_ref idref="fl-1d"/>
      </object_component>
      <object_component id="oc-13e">
         <name>.debug_info</name>
         <load_address>0xea3f</load_address>
         <run_address>0xea3f</run_address>
         <size>0x348</size>
         <input_file_ref idref="fl-1d"/>
      </object_component>
      <object_component id="oc-1d6">
         <name>.debug_info</name>
         <load_address>0xed87</load_address>
         <run_address>0xed87</run_address>
         <size>0x274</size>
         <input_file_ref idref="fl-1d"/>
      </object_component>
      <object_component id="oc-138">
         <name>.debug_info</name>
         <load_address>0xeffb</load_address>
         <run_address>0xeffb</run_address>
         <size>0x4b88</size>
         <input_file_ref idref="fl-1d"/>
      </object_component>
      <object_component id="oc-1d0">
         <name>.debug_info</name>
         <load_address>0x13b83</load_address>
         <run_address>0x13b83</run_address>
         <size>0x3f6</size>
         <input_file_ref idref="fl-1d"/>
      </object_component>
      <object_component id="oc-249">
         <name>.debug_info</name>
         <load_address>0x13f79</load_address>
         <run_address>0x13f79</run_address>
         <size>0x146</size>
         <input_file_ref idref="fl-1d"/>
      </object_component>
      <object_component id="oc-4d">
         <name>.debug_info</name>
         <load_address>0x140bf</load_address>
         <run_address>0x140bf</run_address>
         <size>0x167</size>
         <input_file_ref idref="fl-d8"/>
      </object_component>
      <object_component id="oc-d1">
         <name>.debug_info</name>
         <load_address>0x14226</load_address>
         <run_address>0x14226</run_address>
         <size>0x12f</size>
         <input_file_ref idref="fl-d9"/>
      </object_component>
      <object_component id="oc-1a0">
         <name>.debug_info</name>
         <load_address>0x14355</load_address>
         <run_address>0x14355</run_address>
         <size>0x496</size>
         <input_file_ref idref="fl-da"/>
      </object_component>
      <object_component id="oc-f6">
         <name>.debug_info</name>
         <load_address>0x147eb</load_address>
         <run_address>0x147eb</run_address>
         <size>0x189</size>
         <input_file_ref idref="fl-da"/>
      </object_component>
      <object_component id="oc-1fb">
         <name>.debug_info</name>
         <load_address>0x14974</load_address>
         <run_address>0x14974</run_address>
         <size>0x39</size>
         <input_file_ref idref="fl-da"/>
      </object_component>
      <object_component id="oc-257">
         <name>.debug_info</name>
         <load_address>0x149ad</load_address>
         <run_address>0x149ad</run_address>
         <size>0x39</size>
         <input_file_ref idref="fl-da"/>
      </object_component>
      <object_component id="oc-200">
         <name>.debug_info</name>
         <load_address>0x149e6</load_address>
         <run_address>0x149e6</run_address>
         <size>0x39</size>
         <input_file_ref idref="fl-da"/>
      </object_component>
      <object_component id="oc-205">
         <name>.debug_info</name>
         <load_address>0x14a1f</load_address>
         <run_address>0x14a1f</run_address>
         <size>0xcd</size>
         <input_file_ref idref="fl-da"/>
      </object_component>
      <object_component id="oc-cf">
         <name>.debug_info</name>
         <load_address>0x14aec</load_address>
         <run_address>0x14aec</run_address>
         <size>0x2b2</size>
         <input_file_ref idref="fl-dc"/>
      </object_component>
      <object_component id="oc-5f">
         <name>.debug_info</name>
         <load_address>0x14d9e</load_address>
         <run_address>0x14d9e</run_address>
         <size>0x183</size>
         <input_file_ref idref="fl-dc"/>
      </object_component>
      <object_component id="oc-ca">
         <name>.debug_info</name>
         <load_address>0x14f21</load_address>
         <run_address>0x14f21</run_address>
         <size>0x46</size>
         <input_file_ref idref="fl-dc"/>
      </object_component>
      <object_component id="oc-17b">
         <name>.debug_info</name>
         <load_address>0x14f67</load_address>
         <run_address>0x14f67</run_address>
         <size>0x2c</size>
         <input_file_ref idref="fl-dc"/>
      </object_component>
      <object_component id="oc-57">
         <name>.debug_info</name>
         <load_address>0x14f93</load_address>
         <run_address>0x14f93</run_address>
         <size>0x286</size>
         <input_file_ref idref="fl-dd"/>
      </object_component>
      <object_component id="oc-15">
         <name>.debug_info</name>
         <load_address>0x15219</load_address>
         <run_address>0x15219</run_address>
         <size>0x1b8</size>
         <input_file_ref idref="fl-dd"/>
      </object_component>
      <object_component id="oc-52">
         <name>.debug_info</name>
         <load_address>0x153d1</load_address>
         <run_address>0x153d1</run_address>
         <size>0x46</size>
         <input_file_ref idref="fl-dd"/>
      </object_component>
      <object_component id="oc-c2">
         <name>.debug_info</name>
         <load_address>0x15417</load_address>
         <run_address>0x15417</run_address>
         <size>0x2c</size>
         <input_file_ref idref="fl-dd"/>
      </object_component>
      <object_component id="oc-c0">
         <name>.debug_info</name>
         <load_address>0x15443</load_address>
         <run_address>0x15443</run_address>
         <size>0x281</size>
         <input_file_ref idref="fl-de"/>
      </object_component>
      <object_component id="oc-f">
         <name>.debug_info</name>
         <load_address>0x156c4</load_address>
         <run_address>0x156c4</run_address>
         <size>0x233</size>
         <input_file_ref idref="fl-de"/>
      </object_component>
      <object_component id="oc-42">
         <name>.debug_info</name>
         <load_address>0x158f7</load_address>
         <run_address>0x158f7</run_address>
         <size>0x60</size>
         <input_file_ref idref="fl-de"/>
      </object_component>
      <object_component id="oc-174">
         <name>.debug_info</name>
         <load_address>0x15957</load_address>
         <run_address>0x15957</run_address>
         <size>0x46</size>
         <input_file_ref idref="fl-de"/>
      </object_component>
      <object_component id="oc-bb">
         <name>.debug_info</name>
         <load_address>0x1599d</load_address>
         <run_address>0x1599d</run_address>
         <size>0x39</size>
         <input_file_ref idref="fl-de"/>
      </object_component>
      <object_component id="oc-127">
         <name>.debug_info</name>
         <load_address>0x159d6</load_address>
         <run_address>0x159d6</run_address>
         <size>0x105</size>
         <input_file_ref idref="fl-df"/>
      </object_component>
      <object_component id="oc-240">
         <name>.debug_info</name>
         <load_address>0x15adb</load_address>
         <run_address>0x15adb</run_address>
         <size>0x272</size>
         <input_file_ref idref="fl-e1"/>
      </object_component>
      <object_component id="oc-1d9">
         <name>.debug_info</name>
         <load_address>0x15d4d</load_address>
         <run_address>0x15d4d</run_address>
         <size>0x1ec</size>
         <input_file_ref idref="fl-e1"/>
      </object_component>
      <object_component id="oc-2bc">
         <name>.debug_info</name>
         <load_address>0x15f39</load_address>
         <run_address>0x15f39</run_address>
         <size>0xa1</size>
      </object_component>
      <object_component id="oc-1f4">
         <name>.debug_line</name>
         <load_address>0x0</load_address>
         <run_address>0x0</run_address>
         <size>0x20</size>
         <input_file_ref idref="fl-2"/>
      </object_component>
      <object_component id="oc-98">
         <name>.debug_line</name>
         <load_address>0x20</load_address>
         <run_address>0x20</run_address>
         <size>0x61</size>
         <input_file_ref idref="fl-2"/>
      </object_component>
      <object_component id="oc-149">
         <name>.debug_line</name>
         <load_address>0x81</load_address>
         <run_address>0x81</run_address>
         <size>0x78</size>
         <input_file_ref idref="fl-2"/>
      </object_component>
      <object_component id="oc-9e">
         <name>.debug_line</name>
         <load_address>0xf9</load_address>
         <run_address>0xf9</run_address>
         <size>0x67</size>
         <input_file_ref idref="fl-2"/>
      </object_component>
      <object_component id="oc-b3">
         <name>.debug_line</name>
         <load_address>0x160</load_address>
         <run_address>0x160</run_address>
         <size>0x20</size>
         <input_file_ref idref="fl-2"/>
      </object_component>
      <object_component id="oc-ae">
         <name>.debug_line</name>
         <load_address>0x180</load_address>
         <run_address>0x180</run_address>
         <size>0x62</size>
         <input_file_ref idref="fl-2"/>
      </object_component>
      <object_component id="oc-1bb">
         <name>.debug_line</name>
         <load_address>0x1e2</load_address>
         <run_address>0x1e2</run_address>
         <size>0x7c</size>
         <input_file_ref idref="fl-2"/>
      </object_component>
      <object_component id="oc-135">
         <name>.debug_line</name>
         <load_address>0x25e</load_address>
         <run_address>0x25e</run_address>
         <size>0x79</size>
         <input_file_ref idref="fl-2"/>
      </object_component>
      <object_component id="oc-b8">
         <name>.debug_line</name>
         <load_address>0x2d7</load_address>
         <run_address>0x2d7</run_address>
         <size>0x65</size>
         <input_file_ref idref="fl-2"/>
      </object_component>
      <object_component id="oc-14e">
         <name>.debug_line</name>
         <load_address>0x33c</load_address>
         <run_address>0x33c</run_address>
         <size>0x64</size>
         <input_file_ref idref="fl-2"/>
      </object_component>
      <object_component id="oc-19b">
         <name>.debug_line</name>
         <load_address>0x3a0</load_address>
         <run_address>0x3a0</run_address>
         <size>0x62</size>
         <input_file_ref idref="fl-2"/>
      </object_component>
      <object_component id="oc-153">
         <name>.debug_line</name>
         <load_address>0x402</load_address>
         <run_address>0x402</run_address>
         <size>0x62</size>
         <input_file_ref idref="fl-2"/>
      </object_component>
      <object_component id="oc-158">
         <name>.debug_line</name>
         <load_address>0x464</load_address>
         <run_address>0x464</run_address>
         <size>0x64</size>
         <input_file_ref idref="fl-2"/>
      </object_component>
      <object_component id="oc-15d">
         <name>.debug_line</name>
         <load_address>0x4c8</load_address>
         <run_address>0x4c8</run_address>
         <size>0x62</size>
         <input_file_ref idref="fl-2"/>
      </object_component>
      <object_component id="oc-162">
         <name>.debug_line</name>
         <load_address>0x52a</load_address>
         <run_address>0x52a</run_address>
         <size>0x65</size>
         <input_file_ref idref="fl-2"/>
      </object_component>
      <object_component id="oc-167">
         <name>.debug_line</name>
         <load_address>0x58f</load_address>
         <run_address>0x58f</run_address>
         <size>0x65</size>
         <input_file_ref idref="fl-2"/>
      </object_component>
      <object_component id="oc-16c">
         <name>.debug_line</name>
         <load_address>0x5f4</load_address>
         <run_address>0x5f4</run_address>
         <size>0x62</size>
         <input_file_ref idref="fl-2"/>
      </object_component>
      <object_component id="oc-1f8">
         <name>.debug_line</name>
         <load_address>0x656</load_address>
         <run_address>0x656</run_address>
         <size>0x20</size>
         <input_file_ref idref="fl-4"/>
      </object_component>
      <object_component id="oc-73">
         <name>.debug_line</name>
         <load_address>0x676</load_address>
         <run_address>0x676</run_address>
         <size>0x1fe</size>
         <input_file_ref idref="fl-4"/>
      </object_component>
      <object_component id="oc-4a">
         <name>.debug_line</name>
         <load_address>0x874</load_address>
         <run_address>0x874</run_address>
         <size>0x20</size>
         <input_file_ref idref="fl-4"/>
      </object_component>
      <object_component id="oc-e3">
         <name>.debug_line</name>
         <load_address>0x894</load_address>
         <run_address>0x894</run_address>
         <size>0x71</size>
         <input_file_ref idref="fl-4"/>
      </object_component>
      <object_component id="oc-19e">
         <name>.debug_line</name>
         <load_address>0x905</load_address>
         <run_address>0x905</run_address>
         <size>0x5e</size>
         <input_file_ref idref="fl-5"/>
      </object_component>
      <object_component id="oc-85">
         <name>.debug_line</name>
         <load_address>0x963</load_address>
         <run_address>0x963</run_address>
         <size>0x365</size>
         <input_file_ref idref="fl-5"/>
      </object_component>
      <object_component id="oc-25">
         <name>.debug_line</name>
         <load_address>0xcc8</load_address>
         <run_address>0xcc8</run_address>
         <size>0x7c</size>
         <input_file_ref idref="fl-5"/>
      </object_component>
      <object_component id="oc-f1">
         <name>.debug_line</name>
         <load_address>0xd44</load_address>
         <run_address>0xd44</run_address>
         <size>0x5e</size>
         <input_file_ref idref="fl-5"/>
      </object_component>
      <object_component id="oc-192">
         <name>.debug_line</name>
         <load_address>0xda2</load_address>
         <run_address>0xda2</run_address>
         <size>0x20</size>
         <input_file_ref idref="fl-7"/>
      </object_component>
      <object_component id="oc-7f">
         <name>.debug_line</name>
         <load_address>0xdc2</load_address>
         <run_address>0xdc2</run_address>
         <size>0xbf</size>
         <input_file_ref idref="fl-7"/>
      </object_component>
      <object_component id="oc-196">
         <name>.debug_line</name>
         <load_address>0xe81</load_address>
         <run_address>0xe81</run_address>
         <size>0x62</size>
         <input_file_ref idref="fl-7"/>
      </object_component>
      <object_component id="oc-eb">
         <name>.debug_line</name>
         <load_address>0xee3</load_address>
         <run_address>0xee3</run_address>
         <size>0x62</size>
         <input_file_ref idref="fl-7"/>
      </object_component>
      <object_component id="oc-256">
         <name>.debug_line</name>
         <load_address>0xf45</load_address>
         <run_address>0xf45</run_address>
         <size>0x20</size>
         <input_file_ref idref="fl-8"/>
      </object_component>
      <object_component id="oc-db">
         <name>.debug_line</name>
         <load_address>0xf65</load_address>
         <run_address>0xf65</run_address>
         <size>0xdc</size>
         <input_file_ref idref="fl-8"/>
      </object_component>
      <object_component id="oc-18e">
         <name>.debug_line</name>
         <load_address>0x1041</load_address>
         <run_address>0x1041</run_address>
         <size>0x65</size>
         <input_file_ref idref="fl-8"/>
      </object_component>
      <object_component id="oc-68">
         <name>.debug_line</name>
         <load_address>0x10a6</load_address>
         <run_address>0x10a6</run_address>
         <size>0x2f2</size>
         <input_file_ref idref="fl-9"/>
      </object_component>
      <object_component id="oc-2e">
         <name>.debug_line</name>
         <load_address>0x1398</load_address>
         <run_address>0x1398</run_address>
         <size>0x52</size>
         <input_file_ref idref="fl-b"/>
      </object_component>
      <object_component id="oc-91">
         <name>.debug_line</name>
         <load_address>0x13ea</load_address>
         <run_address>0x13ea</run_address>
         <size>0x50</size>
         <input_file_ref idref="fl-c"/>
      </object_component>
      <object_component id="oc-8b">
         <name>.debug_line</name>
         <load_address>0x143a</load_address>
         <run_address>0x143a</run_address>
         <size>0x1f3</size>
         <input_file_ref idref="fl-d"/>
      </object_component>
      <object_component id="oc-254">
         <name>.debug_line</name>
         <load_address>0x162d</load_address>
         <run_address>0x162d</run_address>
         <size>0x20</size>
         <input_file_ref idref="fl-e"/>
      </object_component>
      <object_component id="oc-189">
         <name>.debug_line</name>
         <load_address>0x164d</load_address>
         <run_address>0x164d</run_address>
         <size>0x62</size>
         <input_file_ref idref="fl-e"/>
      </object_component>
      <object_component id="oc-33">
         <name>.debug_line</name>
         <load_address>0x16af</load_address>
         <run_address>0x16af</run_address>
         <size>0x4e</size>
         <input_file_ref idref="fl-f"/>
      </object_component>
      <object_component id="oc-1f">
         <name>.debug_line</name>
         <load_address>0x16fd</load_address>
         <run_address>0x16fd</run_address>
         <size>0x94</size>
         <input_file_ref idref="fl-12"/>
      </object_component>
      <object_component id="oc-79">
         <name>.debug_line</name>
         <load_address>0x1791</load_address>
         <run_address>0x1791</run_address>
         <size>0x53</size>
         <input_file_ref idref="fl-12"/>
      </object_component>
      <object_component id="oc-145">
         <name>.debug_line</name>
         <load_address>0x17e4</load_address>
         <run_address>0x17e4</run_address>
         <size>0xa0</size>
         <input_file_ref idref="fl-13"/>
      </object_component>
      <object_component id="oc-a6">
         <name>.debug_line</name>
         <load_address>0x1884</load_address>
         <run_address>0x1884</run_address>
         <size>0x3a</size>
         <input_file_ref idref="fl-13"/>
      </object_component>
      <object_component id="oc-3a">
         <name>.debug_line</name>
         <load_address>0x18be</load_address>
         <run_address>0x18be</run_address>
         <size>0x1b2</size>
         <input_file_ref idref="fl-13"/>
      </object_component>
      <object_component id="oc-3f">
         <name>.debug_line</name>
         <load_address>0x1a70</load_address>
         <run_address>0x1a70</run_address>
         <size>0xbc</size>
         <input_file_ref idref="fl-13"/>
      </object_component>
      <object_component id="oc-171">
         <name>.debug_line</name>
         <load_address>0x1b2c</load_address>
         <run_address>0x1b2c</run_address>
         <size>0x3a</size>
         <input_file_ref idref="fl-13"/>
      </object_component>
      <object_component id="oc-185">
         <name>.debug_line</name>
         <load_address>0x1b66</load_address>
         <run_address>0x1b66</run_address>
         <size>0xa4</size>
         <input_file_ref idref="fl-14"/>
      </object_component>
      <object_component id="oc-6d">
         <name>.debug_line</name>
         <load_address>0x1c0a</load_address>
         <run_address>0x1c0a</run_address>
         <size>0x23e</size>
         <input_file_ref idref="fl-14"/>
      </object_component>
      <object_component id="oc-27e">
         <name>.debug_line</name>
         <load_address>0x1e48</load_address>
         <run_address>0x1e48</run_address>
         <size>0x20</size>
         <input_file_ref idref="fl-15"/>
      </object_component>
      <object_component id="oc-1ed">
         <name>.debug_line</name>
         <load_address>0x1e68</load_address>
         <run_address>0x1e68</run_address>
         <size>0x5f</size>
         <input_file_ref idref="fl-15"/>
      </object_component>
      <object_component id="oc-251">
         <name>.debug_line</name>
         <load_address>0x1ec7</load_address>
         <run_address>0x1ec7</run_address>
         <size>0x60</size>
         <input_file_ref idref="fl-15"/>
      </object_component>
      <object_component id="oc-1e2">
         <name>.debug_line</name>
         <load_address>0x1f27</load_address>
         <run_address>0x1f27</run_address>
         <size>0x64</size>
         <input_file_ref idref="fl-15"/>
      </object_component>
      <object_component id="oc-282">
         <name>.debug_line</name>
         <load_address>0x1f8b</load_address>
         <run_address>0x1f8b</run_address>
         <size>0x63</size>
         <input_file_ref idref="fl-15"/>
      </object_component>
      <object_component id="oc-1e8">
         <name>.debug_line</name>
         <load_address>0x1fee</load_address>
         <run_address>0x1fee</run_address>
         <size>0x63</size>
         <input_file_ref idref="fl-15"/>
      </object_component>
      <object_component id="oc-23d">
         <name>.debug_line</name>
         <load_address>0x2051</load_address>
         <run_address>0x2051</run_address>
         <size>0x5f</size>
         <input_file_ref idref="fl-15"/>
      </object_component>
      <object_component id="oc-287">
         <name>.debug_line</name>
         <load_address>0x20b0</load_address>
         <run_address>0x20b0</run_address>
         <size>0x125</size>
         <input_file_ref idref="fl-16"/>
      </object_component>
      <object_component id="oc-22b">
         <name>.debug_line</name>
         <load_address>0x21d5</load_address>
         <run_address>0x21d5</run_address>
         <size>0x74</size>
         <input_file_ref idref="fl-16"/>
      </object_component>
      <object_component id="oc-28b">
         <name>.debug_line</name>
         <load_address>0x2249</load_address>
         <run_address>0x2249</run_address>
         <size>0x67</size>
         <input_file_ref idref="fl-16"/>
      </object_component>
      <object_component id="oc-247">
         <name>.debug_line</name>
         <load_address>0x22b0</load_address>
         <run_address>0x22b0</run_address>
         <size>0x60</size>
         <input_file_ref idref="fl-16"/>
      </object_component>
      <object_component id="oc-290">
         <name>.debug_line</name>
         <load_address>0x2310</load_address>
         <run_address>0x2310</run_address>
         <size>0x3f</size>
         <input_file_ref idref="fl-16"/>
      </object_component>
      <object_component id="oc-274">
         <name>.debug_line</name>
         <load_address>0x234f</load_address>
         <run_address>0x234f</run_address>
         <size>0xa3</size>
         <input_file_ref idref="fl-17"/>
      </object_component>
      <object_component id="oc-285">
         <name>.debug_line</name>
         <load_address>0x23f2</load_address>
         <run_address>0x23f2</run_address>
         <size>0x37</size>
         <input_file_ref idref="fl-17"/>
      </object_component>
      <object_component id="oc-26d">
         <name>.debug_line</name>
         <load_address>0x2429</load_address>
         <run_address>0x2429</run_address>
         <size>0x37</size>
         <input_file_ref idref="fl-17"/>
      </object_component>
      <object_component id="oc-26b">
         <name>.debug_line</name>
         <load_address>0x2460</load_address>
         <run_address>0x2460</run_address>
         <size>0x37</size>
         <input_file_ref idref="fl-17"/>
      </object_component>
      <object_component id="oc-1c1">
         <name>.debug_line</name>
         <load_address>0x2497</load_address>
         <run_address>0x2497</run_address>
         <size>0x11b</size>
         <input_file_ref idref="fl-17"/>
      </object_component>
      <object_component id="oc-21e">
         <name>.debug_line</name>
         <load_address>0x25b2</load_address>
         <run_address>0x25b2</run_address>
         <size>0xb0</size>
         <input_file_ref idref="fl-17"/>
      </object_component>
      <object_component id="oc-271">
         <name>.debug_line</name>
         <load_address>0x2662</load_address>
         <run_address>0x2662</run_address>
         <size>0x37</size>
         <input_file_ref idref="fl-17"/>
      </object_component>
      <object_component id="oc-277">
         <name>.debug_line</name>
         <load_address>0x2699</load_address>
         <run_address>0x2699</run_address>
         <size>0x20</size>
         <input_file_ref idref="fl-18"/>
      </object_component>
      <object_component id="oc-1c7">
         <name>.debug_line</name>
         <load_address>0x26b9</load_address>
         <run_address>0x26b9</run_address>
         <size>0xef</size>
         <input_file_ref idref="fl-18"/>
      </object_component>
      <object_component id="oc-27a">
         <name>.debug_line</name>
         <load_address>0x27a8</load_address>
         <run_address>0x27a8</run_address>
         <size>0xbe</size>
         <input_file_ref idref="fl-1a"/>
      </object_component>
      <object_component id="oc-1f2">
         <name>.debug_line</name>
         <load_address>0x2866</load_address>
         <run_address>0x2866</run_address>
         <size>0x37</size>
         <input_file_ref idref="fl-1a"/>
      </object_component>
      <object_component id="oc-1cd">
         <name>.debug_line</name>
         <load_address>0x289d</load_address>
         <run_address>0x289d</run_address>
         <size>0x115</size>
         <input_file_ref idref="fl-1a"/>
      </object_component>
      <object_component id="oc-233">
         <name>.debug_line</name>
         <load_address>0x29b2</load_address>
         <run_address>0x29b2</run_address>
         <size>0x8b</size>
         <input_file_ref idref="fl-1a"/>
      </object_component>
      <object_component id="oc-a4">
         <name>.debug_line</name>
         <load_address>0x2a3d</load_address>
         <run_address>0x2a3d</run_address>
         <size>0x258</size>
         <input_file_ref idref="fl-1b"/>
      </object_component>
      <object_component id="oc-243">
         <name>.debug_line</name>
         <load_address>0x2c95</load_address>
         <run_address>0x2c95</run_address>
         <size>0x13a</size>
         <input_file_ref idref="fl-1d"/>
      </object_component>
      <object_component id="oc-1f0">
         <name>.debug_line</name>
         <load_address>0x2dcf</load_address>
         <run_address>0x2dcf</run_address>
         <size>0x38</size>
         <input_file_ref idref="fl-1d"/>
      </object_component>
      <object_component id="oc-239">
         <name>.debug_line</name>
         <load_address>0x2e07</load_address>
         <run_address>0x2e07</run_address>
         <size>0x38</size>
         <input_file_ref idref="fl-1d"/>
      </object_component>
      <object_component id="oc-13b">
         <name>.debug_line</name>
         <load_address>0x2e3f</load_address>
         <run_address>0x2e3f</run_address>
         <size>0xc97</size>
         <input_file_ref idref="fl-1d"/>
      </object_component>
      <object_component id="oc-1d3">
         <name>.debug_line</name>
         <load_address>0x3ad6</load_address>
         <run_address>0x3ad6</run_address>
         <size>0xc2</size>
         <input_file_ref idref="fl-1d"/>
      </object_component>
      <object_component id="oc-24c">
         <name>.debug_line</name>
         <load_address>0x3b98</load_address>
         <run_address>0x3b98</run_address>
         <size>0x38</size>
         <input_file_ref idref="fl-1d"/>
      </object_component>
      <object_component id="oc-50">
         <name>.debug_line</name>
         <load_address>0x3bd0</load_address>
         <run_address>0x3bd0</run_address>
         <size>0x9a</size>
         <input_file_ref idref="fl-d8"/>
      </object_component>
      <object_component id="oc-d4">
         <name>.debug_line</name>
         <load_address>0x3c6a</load_address>
         <run_address>0x3c6a</run_address>
         <size>0x73</size>
         <input_file_ref idref="fl-d9"/>
      </object_component>
      <object_component id="oc-1fa">
         <name>.debug_line</name>
         <load_address>0x3cdd</load_address>
         <run_address>0x3cdd</run_address>
         <size>0xa1</size>
         <input_file_ref idref="fl-da"/>
      </object_component>
      <object_component id="oc-f9">
         <name>.debug_line</name>
         <load_address>0x3d7e</load_address>
         <run_address>0x3d7e</run_address>
         <size>0x7b</size>
         <input_file_ref idref="fl-da"/>
      </object_component>
      <object_component id="oc-1fe">
         <name>.debug_line</name>
         <load_address>0x3df9</load_address>
         <run_address>0x3df9</run_address>
         <size>0x2e</size>
         <input_file_ref idref="fl-da"/>
      </object_component>
      <object_component id="oc-25a">
         <name>.debug_line</name>
         <load_address>0x3e27</load_address>
         <run_address>0x3e27</run_address>
         <size>0x7c</size>
         <input_file_ref idref="fl-da"/>
      </object_component>
      <object_component id="oc-203">
         <name>.debug_line</name>
         <load_address>0x3ea3</load_address>
         <run_address>0x3ea3</run_address>
         <size>0x79</size>
         <input_file_ref idref="fl-da"/>
      </object_component>
      <object_component id="oc-208">
         <name>.debug_line</name>
         <load_address>0x3f1c</load_address>
         <run_address>0x3f1c</run_address>
         <size>0x75</size>
         <input_file_ref idref="fl-da"/>
      </object_component>
      <object_component id="oc-181">
         <name>.debug_line</name>
         <load_address>0x3f91</load_address>
         <run_address>0x3f91</run_address>
         <size>0x74</size>
         <input_file_ref idref="fl-dc"/>
      </object_component>
      <object_component id="oc-62">
         <name>.debug_line</name>
         <load_address>0x4005</load_address>
         <run_address>0x4005</run_address>
         <size>0x4f</size>
         <input_file_ref idref="fl-dc"/>
      </object_component>
      <object_component id="oc-cd">
         <name>.debug_line</name>
         <load_address>0x4054</load_address>
         <run_address>0x4054</run_address>
         <size>0x34</size>
         <input_file_ref idref="fl-dc"/>
      </object_component>
      <object_component id="oc-17e">
         <name>.debug_line</name>
         <load_address>0x4088</load_address>
         <run_address>0x4088</run_address>
         <size>0x74</size>
         <input_file_ref idref="fl-dc"/>
      </object_component>
      <object_component id="oc-c8">
         <name>.debug_line</name>
         <load_address>0x40fc</load_address>
         <run_address>0x40fc</run_address>
         <size>0x20</size>
         <input_file_ref idref="fl-dd"/>
      </object_component>
      <object_component id="oc-18">
         <name>.debug_line</name>
         <load_address>0x411c</load_address>
         <run_address>0x411c</run_address>
         <size>0x55</size>
         <input_file_ref idref="fl-dd"/>
      </object_component>
      <object_component id="oc-55">
         <name>.debug_line</name>
         <load_address>0x4171</load_address>
         <run_address>0x4171</run_address>
         <size>0x3a</size>
         <input_file_ref idref="fl-dd"/>
      </object_component>
      <object_component id="oc-c5">
         <name>.debug_line</name>
         <load_address>0x41ab</load_address>
         <run_address>0x41ab</run_address>
         <size>0x74</size>
         <input_file_ref idref="fl-dd"/>
      </object_component>
      <object_component id="oc-17a">
         <name>.debug_line</name>
         <load_address>0x421f</load_address>
         <run_address>0x421f</run_address>
         <size>0x20</size>
         <input_file_ref idref="fl-de"/>
      </object_component>
      <object_component id="oc-12">
         <name>.debug_line</name>
         <load_address>0x423f</load_address>
         <run_address>0x423f</run_address>
         <size>0xb2</size>
         <input_file_ref idref="fl-de"/>
      </object_component>
      <object_component id="oc-45">
         <name>.debug_line</name>
         <load_address>0x42f1</load_address>
         <run_address>0x42f1</run_address>
         <size>0x3a</size>
         <input_file_ref idref="fl-de"/>
      </object_component>
      <object_component id="oc-177">
         <name>.debug_line</name>
         <load_address>0x432b</load_address>
         <run_address>0x432b</run_address>
         <size>0x7c</size>
         <input_file_ref idref="fl-de"/>
      </object_component>
      <object_component id="oc-be">
         <name>.debug_line</name>
         <load_address>0x43a7</load_address>
         <run_address>0x43a7</run_address>
         <size>0x78</size>
         <input_file_ref idref="fl-de"/>
      </object_component>
      <object_component id="oc-12a">
         <name>.debug_line</name>
         <load_address>0x441f</load_address>
         <run_address>0x441f</run_address>
         <size>0x3c</size>
         <input_file_ref idref="fl-df"/>
      </object_component>
      <object_component id="oc-27c">
         <name>.debug_line</name>
         <load_address>0x445b</load_address>
         <run_address>0x445b</run_address>
         <size>0x20</size>
         <input_file_ref idref="fl-e1"/>
      </object_component>
      <object_component id="oc-1dc">
         <name>.debug_line</name>
         <load_address>0x447b</load_address>
         <run_address>0x447b</run_address>
         <size>0x93</size>
         <input_file_ref idref="fl-e1"/>
      </object_component>
      <object_component id="oc-1f3">
         <name>.debug_abbrev</name>
         <load_address>0x0</load_address>
         <run_address>0x0</run_address>
         <size>0x5f</size>
         <input_file_ref idref="fl-2"/>
      </object_component>
      <object_component id="oc-97">
         <name>.debug_abbrev</name>
         <load_address>0x5f</load_address>
         <run_address>0x5f</run_address>
         <size>0xba</size>
         <input_file_ref idref="fl-2"/>
      </object_component>
      <object_component id="oc-148">
         <name>.debug_abbrev</name>
         <load_address>0x119</load_address>
         <run_address>0x119</run_address>
         <size>0x69</size>
         <input_file_ref idref="fl-2"/>
      </object_component>
      <object_component id="oc-9d">
         <name>.debug_abbrev</name>
         <load_address>0x182</load_address>
         <run_address>0x182</run_address>
         <size>0x5a</size>
         <input_file_ref idref="fl-2"/>
      </object_component>
      <object_component id="oc-b2">
         <name>.debug_abbrev</name>
         <load_address>0x1dc</load_address>
         <run_address>0x1dc</run_address>
         <size>0x1f</size>
         <input_file_ref idref="fl-2"/>
      </object_component>
      <object_component id="oc-ad">
         <name>.debug_abbrev</name>
         <load_address>0x1fb</load_address>
         <run_address>0x1fb</run_address>
         <size>0x7c</size>
         <input_file_ref idref="fl-2"/>
      </object_component>
      <object_component id="oc-1ba">
         <name>.debug_abbrev</name>
         <load_address>0x277</load_address>
         <run_address>0x277</run_address>
         <size>0x5c</size>
         <input_file_ref idref="fl-2"/>
      </object_component>
      <object_component id="oc-134">
         <name>.debug_abbrev</name>
         <load_address>0x2d3</load_address>
         <run_address>0x2d3</run_address>
         <size>0x24</size>
         <input_file_ref idref="fl-2"/>
      </object_component>
      <object_component id="oc-b7">
         <name>.debug_abbrev</name>
         <load_address>0x2f7</load_address>
         <run_address>0x2f7</run_address>
         <size>0x55</size>
         <input_file_ref idref="fl-2"/>
      </object_component>
      <object_component id="oc-14d">
         <name>.debug_abbrev</name>
         <load_address>0x34c</load_address>
         <run_address>0x34c</run_address>
         <size>0x4b</size>
         <input_file_ref idref="fl-2"/>
      </object_component>
      <object_component id="oc-19a">
         <name>.debug_abbrev</name>
         <load_address>0x397</load_address>
         <run_address>0x397</run_address>
         <size>0x4b</size>
         <input_file_ref idref="fl-2"/>
      </object_component>
      <object_component id="oc-152">
         <name>.debug_abbrev</name>
         <load_address>0x3e2</load_address>
         <run_address>0x3e2</run_address>
         <size>0x4b</size>
         <input_file_ref idref="fl-2"/>
      </object_component>
      <object_component id="oc-157">
         <name>.debug_abbrev</name>
         <load_address>0x42d</load_address>
         <run_address>0x42d</run_address>
         <size>0x4b</size>
         <input_file_ref idref="fl-2"/>
      </object_component>
      <object_component id="oc-15c">
         <name>.debug_abbrev</name>
         <load_address>0x478</load_address>
         <run_address>0x478</run_address>
         <size>0x4b</size>
         <input_file_ref idref="fl-2"/>
      </object_component>
      <object_component id="oc-161">
         <name>.debug_abbrev</name>
         <load_address>0x4c3</load_address>
         <run_address>0x4c3</run_address>
         <size>0x4b</size>
         <input_file_ref idref="fl-2"/>
      </object_component>
      <object_component id="oc-166">
         <name>.debug_abbrev</name>
         <load_address>0x50e</load_address>
         <run_address>0x50e</run_address>
         <size>0x5c</size>
         <input_file_ref idref="fl-2"/>
      </object_component>
      <object_component id="oc-16b">
         <name>.debug_abbrev</name>
         <load_address>0x56a</load_address>
         <run_address>0x56a</run_address>
         <size>0x4b</size>
         <input_file_ref idref="fl-2"/>
      </object_component>
      <object_component id="oc-1f7">
         <name>.debug_abbrev</name>
         <load_address>0x5b5</load_address>
         <run_address>0x5b5</run_address>
         <size>0x39</size>
         <input_file_ref idref="fl-4"/>
      </object_component>
      <object_component id="oc-df">
         <name>.debug_abbrev</name>
         <load_address>0x5ee</load_address>
         <run_address>0x5ee</run_address>
         <size>0xd8</size>
         <input_file_ref idref="fl-4"/>
      </object_component>
      <object_component id="oc-49">
         <name>.debug_abbrev</name>
         <load_address>0x6c6</load_address>
         <run_address>0x6c6</run_address>
         <size>0x1f</size>
         <input_file_ref idref="fl-4"/>
      </object_component>
      <object_component id="oc-e2">
         <name>.debug_abbrev</name>
         <load_address>0x6e5</load_address>
         <run_address>0x6e5</run_address>
         <size>0xa3</size>
         <input_file_ref idref="fl-4"/>
      </object_component>
      <object_component id="oc-19d">
         <name>.debug_abbrev</name>
         <load_address>0x788</load_address>
         <run_address>0x788</run_address>
         <size>0x76</size>
         <input_file_ref idref="fl-5"/>
      </object_component>
      <object_component id="oc-ed">
         <name>.debug_abbrev</name>
         <load_address>0x7fe</load_address>
         <run_address>0x7fe</run_address>
         <size>0xc8</size>
         <input_file_ref idref="fl-5"/>
      </object_component>
      <object_component id="oc-9a">
         <name>.debug_abbrev</name>
         <load_address>0x8c6</load_address>
         <run_address>0x8c6</run_address>
         <size>0x6f</size>
         <input_file_ref idref="fl-5"/>
      </object_component>
      <object_component id="oc-f0">
         <name>.debug_abbrev</name>
         <load_address>0x935</load_address>
         <run_address>0x935</run_address>
         <size>0x6b</size>
         <input_file_ref idref="fl-5"/>
      </object_component>
      <object_component id="oc-191">
         <name>.debug_abbrev</name>
         <load_address>0x9a0</load_address>
         <run_address>0x9a0</run_address>
         <size>0x4f</size>
         <input_file_ref idref="fl-7"/>
      </object_component>
      <object_component id="oc-e6">
         <name>.debug_abbrev</name>
         <load_address>0x9ef</load_address>
         <run_address>0x9ef</run_address>
         <size>0x6c</size>
         <input_file_ref idref="fl-7"/>
      </object_component>
      <object_component id="oc-195">
         <name>.debug_abbrev</name>
         <load_address>0xa5b</load_address>
         <run_address>0xa5b</run_address>
         <size>0x7f</size>
         <input_file_ref idref="fl-7"/>
      </object_component>
      <object_component id="oc-ea">
         <name>.debug_abbrev</name>
         <load_address>0xada</load_address>
         <run_address>0xada</run_address>
         <size>0x6b</size>
         <input_file_ref idref="fl-7"/>
      </object_component>
      <object_component id="oc-255">
         <name>.debug_abbrev</name>
         <load_address>0xb45</load_address>
         <run_address>0xb45</run_address>
         <size>0x4f</size>
         <input_file_ref idref="fl-8"/>
      </object_component>
      <object_component id="oc-183">
         <name>.debug_abbrev</name>
         <load_address>0xb94</load_address>
[...]
         <value>0xb1bc</value>
         <object_component_ref idref="oc-87"/>
      </symbol>
      <symbol id="sm-252">
         <name>_mpuGetRegionPermission_</name>
         <value>0xb1d4</value>
         <object_component_ref idref="oc-87"/>
      </symbol>
      <symbol id="sm-253">
         <name>_mpuEnable_</name>
         <value>0xb134</value>
         <object_component_ref idref="oc-87"/>
      </symbol>
      <symbol id="sm-254">
         <name>_mpuGetNumberOfRegions_</name>
         <value>0xb184</value>
         <object_component_ref idref="oc-87"/>
      </symbol>
      <symbol id="sm-255">
         <name>_mpuAreRegionsSeparate_</name>
         <value>0xb190</value>
         <object_component_ref idref="oc-87"/>
      </symbol>
      <symbol id="sm-256">
         <name>_mpuEnableBackgroundRegion_</name>
         <value>0xb164</value>
         <object_component_ref idref="oc-87"/>
      </symbol>
      <symbol id="sm-257">
         <name>_mpuGetRegionType_</name>
         <value>0xb1c8</value>
         <object_component_ref idref="oc-87"/>
      </symbol>
      <symbol id="sm-258">
         <name>_mpuDisable_</name>
         <value>0xb14c</value>
         <object_component_ref idref="oc-87"/>
      </symbol>
      <symbol id="sm-259">
         <name>_mpuGetRegionBaseAddress_</name>
         <value>0xb1b4</value>
         <object_component_ref idref="oc-87"/>
      </symbol>
      <symbol id="sm-25a">
         <name>_mpuSetRegion_</name>
         <value>0xb19c</value>
         <object_component_ref idref="oc-87"/>
      </symbol>
      <symbol id="sm-25b">
         <name>_mpuGetRegion_</name>
         <value>0xb1a4</value>
         <object_component_ref idref="oc-87"/>
      </symbol>
      <symbol id="sm-26e">
         <name>phantomInterrupt</name>
         <value>0xc2a4</value>
         <object_component_ref idref="oc-2f"/>
      </symbol>
      <symbol id="sm-28d">
         <name>_c_int00</name>
         <value>0xbf6c</value>
         <object_component_ref idref="oc-1b"/>
      </symbol>
      <symbol id="sm-28e">
         <name>handlePLLLockFail</name>
         <value>0xc2a0</value>
         <object_component_ref idref="oc-75"/>
      </symbol>
      <symbol id="sm-332">
         <name>vimChannelMap</name>
         <value>0x9460</value>
         <object_component_ref idref="oc-36"/>
      </symbol>
      <symbol id="sm-333">
         <name>vimInit</name>
         <value>0x938c</value>
         <object_component_ref idref="oc-36"/>
      </symbol>
      <symbol id="sm-334">
         <name>vimEnableInterrupt</name>
         <value>0x9504</value>
         <object_component_ref idref="oc-36"/>
      </symbol>
      <symbol id="sm-335">
         <name>vimDisableInterrupt</name>
         <value>0x96cc</value>
         <object_component_ref idref="oc-36"/>
      </symbol>
      <symbol id="sm-336">
         <name>vimGetConfigValue</name>
         <value>0x9778</value>
         <object_component_ref idref="oc-36"/>
      </symbol>
      <symbol id="sm-337">
         <name>vimECCErrorHandler</name>
         <value>0xb1e8</value>
         <object_component_ref idref="oc-35"/>
      </symbol>
      <symbol id="sm-387">
         <name>systemGetConfigValue</name>
         <value>0x8ea8</value>
         <object_component_ref idref="oc-69"/>
      </symbol>
      <symbol id="sm-388">
         <name>trimLPO</name>
         <value>0x8a40</value>
         <object_component_ref idref="oc-69"/>
      </symbol>
      <symbol id="sm-389">
         <name>systemInit</name>
         <value>0x8cdc</value>
         <object_component_ref idref="oc-69"/>
      </symbol>
      <symbol id="sm-38a">
         <name>customTrimLPO</name>
         <value>0x92e0</value>
         <object_component_ref idref="oc-69"/>
      </symbol>
      <symbol id="sm-38b">
         <name>periphInit</name>
         <value>0x8afc</value>
         <object_component_ref idref="oc-69"/>
      </symbol>
      <symbol id="sm-38c">
         <name>setupFlash</name>
         <value>0x8abc</value>
         <object_component_ref idref="oc-69"/>
      </symbol>
      <symbol id="sm-38d">
         <name>setupPLL</name>
         <value>0x89e0</value>
         <object_component_ref idref="oc-69"/>
      </symbol>
      <symbol id="sm-38e">
         <name>getResetSource</name>
         <value>0x8d80</value>
         <object_component_ref idref="oc-69"/>
      </symbol>
      <symbol id="sm-38f">
         <name>mapClocks</name>
         <value>0x8bb0</value>
         <object_component_ref idref="oc-69"/>
      </symbol>
      <symbol id="sm-390">
         <name>systemPowerDown</name>
         <value>0x8d50</value>
         <object_component_ref idref="oc-69"/>
      </symbol>
      <symbol id="sm-431">
         <name>vPortInitialiseBlocks</name>
         <value>0x37f0</value>
         <object_component_ref idref="oc-1bd"/>
      </symbol>
      <symbol id="sm-432">
         <name>xPortGetFreeHeapSize</name>
         <value>0x37d8</value>
         <object_component_ref idref="oc-1bd"/>
      </symbol>
      <symbol id="sm-433">
         <name>pvPortMalloc</name>
         <value>0x3488</value>
         <object_component_ref idref="oc-1bd"/>
      </symbol>
      <symbol id="sm-434">
         <name>vPortFree</name>
         <value>0x36e0</value>
         <object_component_ref idref="oc-1bd"/>
      </symbol>
      <symbol id="sm-435">
         <name>xPortGetMinimumEverFreeHeapSize</name>
         <value>0x37e4</value>
         <object_component_ref idref="oc-1bd"/>
      </symbol>
      <symbol id="sm-44b">
         <name>uxListRemove</name>
         <value>0xb948</value>
         <object_component_ref idref="oc-1c3"/>
      </symbol>
      <symbol id="sm-44c">
         <name>vListInsert</name>
         <value>0xb884</value>
         <object_component_ref idref="oc-1c3"/>
      </symbol>
      <symbol id="sm-44d">
         <name>vListInitialiseItem</name>
         <value>0xb7f4</value>
         <object_component_ref idref="oc-1c3"/>
      </symbol>
      <symbol id="sm-44e">
         <name>vListInsertEnd</name>
         <value>0xb810</value>
         <object_component_ref idref="oc-1c3"/>
      </symbol>
      <symbol id="sm-44f">
         <name>vListInitialise</name>
         <value>0xb79c</value>
         <object_component_ref idref="oc-1c3"/>
      </symbol>
      <symbol id="sm-492">
         <name>vPortStoreTaskMPUSettings</name>
         <value>0x31c0</value>
         <object_component_ref idref="oc-1c9"/>
      </symbol>
      <symbol id="sm-493">
         <name>ulTaskHasFPUContext</name>
         <value>0x8003014</value>
         <object_component_ref idref="oc-140"/>
      </symbol>
      <symbol id="sm-494">
         <name>vPortEndScheduler</name>
         <value>0x3454</value>
         <object_component_ref idref="oc-1c9"/>
      </symbol>
      <symbol id="sm-495">
         <name>ulCriticalNesting</name>
         <value>0x8003010</value>
         <object_component_ref idref="oc-140"/>
      </symbol>
      <symbol id="sm-496">
         <name>pxPortInitialiseStack</name>
         <value>0x30ac</value>
         <object_component_ref idref="oc-1c9"/>
      </symbol>
      <symbol id="sm-497">
         <name>xPortStartScheduler</name>
         <value>0x3434</value>
         <object_component_ref idref="oc-1c9"/>
      </symbol>
      <symbol id="sm-4b2">
         <name>prvMpuSetRegion</name>
         <value>0x3054</value>
         <object_component_ref idref="oc-a0"/>
      </symbol>
      <symbol id="sm-4b3">
         <name>vPortStartFirstTask</name>
         <value>0x2c00</value>
         <object_component_ref idref="oc-a0"/>
      </symbol>
      <symbol id="sm-4b4">
         <name>vPortYeildWithinAPI</name>
         <value>0x2d7c</value>
         <object_component_ref idref="oc-a0"/>
      </symbol>
      <symbol id="sm-4b5">
         <name>vPortPreemptiveTick</name>
         <value>0x2e70</value>
         <object_component_ref idref="oc-a0"/>
      </symbol>
      <symbol id="sm-4b6">
         <name>prvMpuDisable</name>
         <value>0x3084</value>
         <object_component_ref idref="oc-a0"/>
      </symbol>
      <symbol id="sm-4b7">
         <name>prvMpuEnable</name>
         <value>0x306c</value>
         <object_component_ref idref="oc-a0"/>
      </symbol>
      <symbol id="sm-4b8">
         <name>vPortInitialiseFPSCR</name>
         <value>0x2f70</value>
         <object_component_ref idref="oc-a0"/>
      </symbol>
      <symbol id="sm-4b9">
         <name>ulPortCountLeadingZeros</name>
         <value>0x2f7c</value>
         <object_component_ref idref="oc-a0"/>
      </symbol>
      <symbol id="sm-4ba">
         <name>vPortYieldProcessor</name>
         <value>0x2c90</value>
         <object_component_ref idref="oc-a0"/>
      </symbol>
      <symbol id="sm-4bb">
         <name>vPortSWI</name>
         <value>0x2f84</value>
         <object_component_ref idref="oc-a0"/>
      </symbol>
      <symbol id="sm-6a6">
         <name>xTaskCreateRestricted</name>
         <value>0x20</value>
         <object_component_ref idref="oc-137"/>
      </symbol>
      <symbol id="sm-6a7">
         <name>vTaskDelay</name>
         <value>0x80c</value>
         <object_component_ref idref="oc-137"/>
      </symbol>
      <symbol id="sm-6a8">
         <name>vTaskSuspendAll</name>
         <value>0x10a0</value>
         <object_component_ref idref="oc-137"/>
      </symbol>
      <symbol id="sm-6a9">
         <name>vTaskPlaceOnEventList</name>
         <value>0x1ad0</value>
         <object_component_ref idref="oc-137"/>
      </symbol>
      <symbol id="sm-6aa">
         <name>pvTaskGetThreadLocalStoragePointer</name>
         <value>0x1ff8</value>
         <object_component_ref idref="oc-137"/>
      </symbol>
      <symbol id="sm-6ab">
         <name>uxTaskPriorityGetFromISR</name>
         <value>0x9d8</value>
         <object_component_ref idref="oc-137"/>
      </symbol>
      <symbol id="sm-6ac">
         <name>ulTaskNotifyTake</name>
         <value>0x2390</value>
         <object_component_ref idref="oc-137"/>
      </symbol>
      <symbol id="sm-6ad">
         <name>pcTaskGetName</name>
         <value>0x1354</value>
         <object_component_ref idref="oc-137"/>
      </symbol>
      <symbol id="sm-6ae">
         <name>xTaskCheckForTimeOut</name>
         <value>0x1dd0</value>
         <object_component_ref idref="oc-137"/>
      </symbol>
      <symbol id="sm-6af">
         <name>xTaskRemoveFromUnorderedEventList</name>
         <value>0x1c88</value>
         <object_component_ref idref="oc-137"/>
      </symbol>
      <symbol id="sm-6b0">
         <name>vTaskPrioritySet</name>
         <value>0xa20</value>
         <object_component_ref idref="oc-137"/>
      </symbol>
      <symbol id="sm-6b1">
         <name>vTaskAllocateMPURegions</name>
         <value>0x2064</value>
         <object_component_ref idref="oc-137"/>
      </symbol>
      <symbol id="sm-6b2">
         <name>xTaskAbortDelay</name>
         <value>0x16c8</value>
         <object_component_ref idref="oc-137"/>
      </symbol>
      <symbol id="sm-6b3">
         <name>vTaskStartScheduler</name>
         <value>0xfec</value>
         <object_component_ref idref="oc-137"/>
      </symbol>
      <symbol id="sm-6b4">
         <name>xTaskNotifyStateClear</name>
         <value>0xbdb4</value>
         <object_component_ref idref="oc-1cf"/>
      </symbol>
      <symbol id="sm-6b5">
         <name>uxTaskGetStackHighWaterMark</name>
         <value>0x223c</value>
         <object_component_ref idref="oc-137"/>
      </symbol>
      <symbol id="sm-6b6">
         <name>vTaskSetThreadLocalStoragePointer</name>
         <value>0x1f94</value>
         <object_component_ref idref="oc-137"/>
      </symbol>
      <symbol id="sm-6b7">
         <name>xTaskGenericNotify</name>
         <value>0x2580</value>
         <object_component_ref idref="oc-137"/>
      </symbol>
      <symbol id="sm-6b8">
         <name>xTaskCreate</name>
         <value>0xfc</value>
         <object_component_ref idref="oc-137"/>
      </symbol>
      <symbol id="sm-6b9">
         <name>vTaskDelayUntil</name>
         <value>0x6a0</value>
         <object_component_ref idref="oc-137"/>
      </symbol>
      <symbol id="sm-6ba">
         <name>vTaskEndScheduler</name>
         <value>0x1084</value>
         <object_component_ref idref="oc-137"/>
      </symbol>
      <symbol id="sm-6bb">
         <name>xTaskNotifyWait</name>
         <value>0x2468</value>
         <object_component_ref idref="oc-137"/>
      </symbol>
      <symbol id="sm-6bc">
         <name>vTaskMissedYield</name>
         <value>0x1f08</value>
         <object_component_ref idref="oc-137"/>
      </symbol>
      <symbol id="sm-6bd">
         <name>uxTaskGetNumberOfTasks</name>
         <value>0x1348</value>
         <object_component_ref idref="oc-137"/>
      </symbol>
      <symbol id="sm-6be">
         <name>xTaskGenericNotifyFromISR</name>
         <value>0x2754</value>
         <object_component_ref idref="oc-137"/>
      </symbol>
      <symbol id="sm-6bf">
         <name>uxTaskPriorityGet</name>
         <value>0x994</value>
         <object_component_ref idref="oc-137"/>
      </symbol>
      <symbol id="sm-6c0">
         <name>vTaskStepTick</name>
         <value>0x166c</value>
         <object_component_ref idref="oc-137"/>
      </symbol>
      <symbol id="sm-6c1">
         <name>xTaskResumeAll</name>
         <value>0x1158</value>
         <object_component_ref idref="oc-137"/>
      </symbol>
      <symbol id="sm-6c2">
         <name>xTaskGetHandle</name>
         <value>0x152c</value>
         <object_component_ref idref="oc-137"/>
      </symbol>
      <symbol id="sm-6c3">
         <name>xTaskGetTickCount</name>
         <value>0x1308</value>
         <object_component_ref idref="oc-137"/>
      </symbol>
      <symbol id="sm-6c4">
         <name>vTaskDelete</name>
         <value>0x538</value>
         <object_component_ref idref="oc-137"/>
      </symbol>
      <symbol id="sm-6c5">
         <name>pxCurrentTCB</name>
         <value>0x80008d0</value>
         <object_component_ref idref="oc-13d"/>
      </symbol>
      <symbol id="sm-6c6">
         <name>vTaskNotifyGiveFromISR</name>
         <value>0x2954</value>
         <object_component_ref idref="oc-137"/>
      </symbol>
      <symbol id="sm-6c7">
         <name>eTaskGetState</name>
         <value>0x890</value>
         <object_component_ref idref="oc-137"/>
      </symbol>
      <symbol id="sm-6c8">
         <name>vTaskSuspend</name>
         <value>0xc18</value>
         <object_component_ref idref="oc-137"/>
      </symbol>
      <symbol id="sm-6c9">
         <name>xTaskGetIdleTaskHandle</name>
         <value>0x1634</value>
         <object_component_ref idref="oc-137"/>
      </symbol>
      <symbol id="sm-6ca">
         <name>xTaskGetTickCountFromISR</name>
         <value>0x1324</value>
         <object_component_ref idref="oc-137"/>
      </symbol>
      <symbol id="sm-6cb">
         <name>vTaskResume</name>
         <value>0xe20</value>
         <object_component_ref idref="oc-137"/>
      </symbol>
      <symbol id="sm-6cc">
         <name>vTaskSetTimeOutState</name>
         <value>0x1d90</value>
         <object_component_ref idref="oc-137"/>
      </symbol>
      <symbol id="sm-6cd">
         <name>xTaskIncrementTick</name>
         <value>0x17c8</value>
         <object_component_ref idref="oc-137"/>
      </symbol>
      <symbol id="sm-6ce">
         <name>vTaskSwitchContext</name>
         <value>0x19f0</value>
         <object_component_ref idref="oc-137"/>
      </symbol>
      <symbol id="sm-6cf">
         <name>uxTaskResetEventItemValue</name>
         <value>0x2354</value>
         <object_component_ref idref="oc-137"/>
      </symbol>
      <symbol id="sm-6d0">
         <name>xTaskGetSchedulerState</name>
         <value>0x2304</value>
         <object_component_ref idref="oc-137"/>
      </symbol>
      <symbol id="sm-6d1">
         <name>xTaskResumeFromISR</name>
         <value>0xf04</value>
         <object_component_ref idref="oc-137"/>
      </symbol>
      <symbol id="sm-6d2">
         <name>vTaskPlaceOnUnorderedEventList</name>
         <value>0x1b14</value>
         <object_component_ref idref="oc-137"/>
      </symbol>
      <symbol id="sm-6d3">
         <name>xTaskRemoveFromEventList</name>
         <value>0x1b98</value>
         <object_component_ref idref="oc-137"/>
      </symbol>
      <symbol id="sm-6d4">
         <name>eTaskConfirmSleepModeStatus</name>
         <value>0x1f18</value>
         <object_component_ref idref="oc-137"/>
      </symbol>
      <symbol id="sm-6ef">
         <name>memcpy</name>
         <value>0xb9d4</value>
         <object_component_ref idref="oc-4c"/>
      </symbol>
      <symbol id="sm-6f0">
         <name>__aeabi_memcpy</name>
         <value>0xb9d4</value>
         <object_component_ref idref="oc-4c"/>
      </symbol>
      <symbol id="sm-6f1">
         <name>__aeabi_memcpy8</name>
         <value>0xb9d4</value>
         <object_component_ref idref="oc-4c"/>
      </symbol>
      <symbol id="sm-6f2">
         <name>__aeabi_memcpy4</name>
         <value>0xb9d4</value>
         <object_component_ref idref="oc-4c"/>
      </symbol>
      <symbol id="sm-701">
         <name>__aeabi_memset</name>
         <value>0xc048</value>
         <object_component_ref idref="oc-d0"/>
      </symbol>
      <symbol id="sm-702">
         <name>memset</name>
         <value>0xc054</value>
         <object_component_ref idref="oc-d0"/>
      </symbol>
      <symbol id="sm-703">
         <name>__aeabi_memset8</name>
         <value>0xc048</value>
         <object_component_ref idref="oc-d0"/>
      </symbol>
      <symbol id="sm-704">
         <name>__aeabi_memset4</name>
         <value>0xc048</value>
         <object_component_ref idref="oc-d0"/>
      </symbol>
      <symbol id="sm-705">
         <name>__aeabi_memclr8</name>
         <value>0xc044</value>
         <object_component_ref idref="oc-d0"/>
      </symbol>
      <symbol id="sm-706">
         <name>__aeabi_memclr4</name>
         <value>0xc044</value>
         <object_component_ref idref="oc-d0"/>
      </symbol>
      <symbol id="sm-707">
         <name>__aeabi_memclr</name>
         <value>0xc044</value>
         <object_component_ref idref="oc-d0"/>
      </symbol>
      <symbol id="sm-72f">
         <name>__TI_auto_init_nobinit_nopinit</name>
         <value>0xc184</value>
         <object_component_ref idref="oc-f5"/>
      </symbol>
      <symbol id="sm-747">
         <name>__TI_zero_init</name>
         <value>0xc280</value>
         <object_component_ref idref="oc-5e"/>
      </symbol>
      <symbol id="sm-75e">
         <name>__TI_decompress_none</name>
         <value>0xc26c</value>
         <object_component_ref idref="oc-14"/>
      </symbol>
      <symbol id="sm-781">
         <name>__TI_decompress_lzss</name>
         <value>0xc0f4</value>
         <object_component_ref idref="oc-e"/>
      </symbol>
      <symbol id="sm-78c">
         <name>C$$EXIT</name>
         <value>0xc298</value>
         <object_component_ref idref="oc-126"/>
      </symbol>
      <symbol id="sm-78d">
         <name>abort</name>
         <value>0xc298</value>
         <object_component_ref idref="oc-126"/>
      </symbol>
      <symbol id="sm-79c">
         <name>strlen</name>
         <value>0xc24c</value>
         <object_component_ref idref="oc-1d8"/>
      </symbol>
      <symbol id="sm-79d">
         <name>__TI_static_base__</name>
         <value>0x0</value>
      </symbol>
      <symbol id="sm-7a1">
         <name>SHT$$INIT_ARRAY$$Base</name>
         <value>0x0</value>
      </symbol>
      <symbol id="sm-7a2">
         <name>SHT$$INIT_ARRAY$$Limit</name>
         <value>0x0</value>
      </symbol>
      <symbol id="sm-7a3">
         <name>_system_post_cinit</name>
         <value>0x0</value>
      </symbol>
   </symbol_table>
   <title>Link successful</title>
</link_info>
