******************************************************************************
                  TI ARM Linker Unix v18.12.3                  
******************************************************************************
>> Linked Thu Feb  6 22:44:13 2020

OUTPUT FILE NAME:   <GM2804.out>
ENTRY POINT SYMBOL: "_c_int00"  address: 0000bf6c


MEMORY CONFIGURATION

         name            origin    length      used     unused   attr    fill
----------------------  --------  ---------  --------  --------  ----  --------
  VECTORS               00000000   00000020  00000020  00000000     X
  KERNEL                00000020   00008000  00003838  000047c8  R  X
  FLASH0                00008020   001f7fe0  00004488  001f3b58  R  X
  FLASH1                00200000   00200000  00000000  00200000  R  X
  STACKS                08000000   00000800  00000000  00000800  RW  
  KRAM                  08000800   00000800  00000104  000006fc  RW  
  RAM                   08001000   0007f000  00002020  0007cfe0  RW  


SEGMENT ALLOCATION MAP

run origin  load origin   length   init length attrs members
----------  ----------- ---------- ----------- ----- -------
00000000    00000000    00003808   00003808    r-x
  00000000    00000000    00000020   00000020    r-x .intvecs
  00000020    00000020    000037e8   000037e8    r-x .kernelTEXT
00003820    00003820    00000050   00000050    r--
  00003820    00003820    00000050   00000050    r-- .cinit
00008020    00008020    00004288   00004288    r-x
  00008020    00008020    00004288   00004288    r-x .text
0000c2c0    0000c2c0    00000200   00000200    r--
  0000c2c0    0000c2c0    00000200   00000200    r-- .const
08000800    08000800    00000104   00000000    rw-
  08000800    08000800    00000104   00000000    rw- .kernelBSS
08001000    08001000    00002020   00000000    rw-
  08001000    08001000    00002000   00000000    rw- .kernelHEAP
  08003000    08003000    00000018   00000000    rw- .data
  08003018    08003018    00000008   00000000    rw- .bss


SECTION ALLOCATION MAP

 output                                  attributes/
section   page    origin      length       input sections
--------  ----  ----------  ----------   ----------------
.intvecs   0    00000000    00000020     
                  00000000    00000020     HL_sys_intvecs.obj (.intvecs)

.kernelTEXT 
*          0    00000020    000037e8     
                  00000020    00002bdc     os_tasks.obj (.kernelTEXT)
                  00002bfc    000004b0     os_portasm.obj (.kernelTEXT)
                  000030ac    000003dc     os_port.obj (.kernelTEXT)
                  00003488    00000380     os_heap.obj (.kernelTEXT)

.cinit     0    00003820    00000050     
                  00003820    0000000c     (__TI_handler_table)
                  0000382c    0000000b     (.cinit..data.load) [load image, compression = lzss]
                  00003837    00000009     (.cinit..kernelBSS.load) [load image, compression = lzss]
                  00003840    00000008     (.cinit..bss.load) [load image, compression = zero_init]
                  00003848    00000008     (.cinit..kernelHEAP.load) [load image, compression = zero_init]
                  00003850    00000020     (__TI_cinit_table)

.text      0    00008020    00004288     
                  00008020    000009c0     HL_pinmux.obj (.text)
                  000089e0    000009ac     HL_system.obj (.text)
                  0000938c    0000093c     HL_sys_vim.obj (.text)
                  00009cc8    0000078c     HL_esm.obj (.text)
                  0000a454    00000664     HL_errata_SSWF021_45.obj (.text)
                  0000aab8    000003c4     HL_sys_core.obj (.text)
                  0000ae7c    0000036c     HL_sys_mpu.obj (.text)
                  0000b1e8    0000033c     HL_sys_vim.obj (.text:retain)
                  0000b524    00000278     os_heap.obj (.text)
                  0000b79c    00000238     os_list.obj (.text)
                  0000b9d4    00000180     rtsv7R4_A_be_v3D16_eabi.lib : memcpy32.asm.obj (.text)
                  0000bb54    00000178     HL_esm.obj (.text:retain)
                  0000bccc    00000164     os_tasks.obj (.text)
                  0000be30    0000013c     os_port.obj (.text)
                  0000bf6c    000000d8     HL_sys_startup.obj (.text:retain)
                  0000c044    000000b0     rtsv7R4_A_be_v3D16_eabi.lib : memset32.asm.obj (.text)
                  0000c0f4    00000090                                 : copy_decompress_lzss.c.obj (.text:decompress:lzss:__TI_decompress_lzss)
                  0000c184    00000068                                 : autoinit.c.obj (.text:__TI_auto_init_nobinit_nopinit:__TI_auto_init_nobinit_nopinit)
                  0000c1ec    00000060     HL_notification.obj (.text)
                  0000c24c    00000020     rtsv7R4_A_be_v3D16_eabi.lib : strlen.c.obj (.text:strlen)
                  0000c26c    00000014                                 : copy_decompress_none.c.obj (.text:decompress:none:__TI_decompress_none)
                  0000c280    00000010                                 : copy_zero_init.c.obj (.text:decompress:ZI:__TI_zero_init)
                  0000c290    00000008     HL_sys_main.obj (.text)
                  0000c298    00000008     rtsv7R4_A_be_v3D16_eabi.lib : exit.c.obj (.text:abort:abort)
                  0000c2a0    00000004     HL_sys_startup.obj (.text)
                  0000c2a4    00000004     HL_sys_phantom.obj (.text:retain)

.const     0    0000c2c0    00000200     
                  0000c2c0    00000200     HL_sys_vim.obj (.const:s_vim_init)

.kernelBSS 
*          0    08000800    00000104     UNINITIALIZED
                  08000800    000000d0     os_tasks.obj (.kernelBSS:uninit)
                  080008d0    00000034     os_tasks.obj (.kernelBSS:init)

.kernelHEAP 
*          0    08001000    00002000     UNINITIALIZED
                  08001000    00002000     os_heap.obj (.kernelHEAP)

.data      0    08003000    00000018     UNINITIALIZED
                  08003000    00000010     os_heap.obj (.data)
                  08003010    00000008     os_port.obj (.data)

.bss       0    08003018    00000008     UNINITIALIZED
                  08003018    00000008     os_heap.obj (.bss:xStart)

MODULE SUMMARY

       Module                       code    ro data   rw data
       ------                       ----    -------   -------
    ./source/
       os_tasks.obj                 11584   0         260    
       os_heap.obj                  1528    0         8216   
       HL_sys_vim.obj               3192    512       0      
       HL_pinmux.obj                2496    0         0      
       HL_system.obj                2476    0         0      
       HL_esm.obj                   2308    0         0      
       HL_errata_SSWF021_45.obj     1636    0         0      
       os_port.obj                  1304    0         8      
       os_portasm.obj               1200    0         0      
       HL_sys_core.obj              964     0         0      
       HL_sys_mpu.obj               876     0         0      
       os_list.obj                  568     0         0      
       HL_sys_startup.obj           220     0         0      
       HL_notification.obj          96      0         0      
       HL_sys_intvecs.obj           32      0         0      
       HL_sys_main.obj              8       0         0      
       HL_sys_phantom.obj           4       0         0      
    +--+----------------------------+-------+---------+---------+
       Total:                       30492   512       8484   
                                                             
    /home/marco/ti/ccs920/ccs/tools/compiler/ti-cgt-arm_18.12.3.LTS/lib/rtsv7R4_A_be_v3D16_eabi.lib
       memcpy32.asm.obj             384     0         0      
       memset32.asm.obj             176     0         0      
       copy_decompress_lzss.c.obj   144     0         0      
       autoinit.c.obj               104     0         0      
       strlen.c.obj                 32      0         0      
       copy_decompress_none.c.obj   20      0         0      
       copy_zero_init.c.obj         16      0         0      
       exit.c.obj                   8       0         0      
    +--+----------------------------+-------+---------+---------+
       Total:                       884     0         0      
                                                             
       Linker Generated:            0       80        0      
    +--+----------------------------+-------+---------+---------+
       Grand Total:                 31376   592       8484   


LINKER GENERATED COPY TABLES

__TI_cinit_table @ 00003850 records: 4, size/record: 8, table size: 32
	.data: load addr=0000382c, load size=0000000b bytes, run addr=08003000, run size=00000018 bytes, compression=lzss
	.kernelBSS: load addr=00003837, load size=00000009 bytes, run addr=08000800, run size=00000104 bytes, compression=lzss
	.bss: load addr=00003840, load size=00000008 bytes, run addr=08003018, run size=00000008 bytes, compression=zero_init
	.kernelHEAP: load addr=00003848, load size=00000008 bytes, run addr=08001000, run size=00002000 bytes, compression=zero_init


LINKER GENERATED HANDLER TABLE

__TI_handler_table @ 00003820 records: 3, size/record: 4, table size: 12
	index: 0, handler: __TI_decompress_lzss
	index: 1, handler: __TI_decompress_none
	index: 2, handler: __TI_zero_init


GLOBAL SYMBOLS: SORTED ALPHABETICALLY BY Name 

address   name                                
-------   ----                                
0000c298  C$$EXIT                             
UNDEFED   SHT$$INIT_ARRAY$$Base               
UNDEFED   SHT$$INIT_ARRAY$$Limit              
00003850  __TI_CINIT_Base                     
00003870  __TI_CINIT_Limit                    
00003820  __TI_Handler_Table_Base             
0000382c  __TI_Handler_Table_Limit            
0000ae74  __TI_PINIT_Base                     
0000ae78  __TI_PINIT_Limit                    
0000c184  __TI_auto_init_nobinit_nopinit      
0000c0f4  __TI_decompress_lzss                
0000c26c  __TI_decompress_none                
ffffffff  __TI_pprof_out_hndl                 
ffffffff  __TI_prof_data_size                 
ffffffff  __TI_prof_data_start                
00000000  __TI_static_base__                  
0000c280  __TI_zero_init                      
0000c044  __aeabi_memclr                      
0000c044  __aeabi_memclr4                     
0000c044  __aeabi_memclr8                     
0000b9d4  __aeabi_memcpy                      
0000b9d4  __aeabi_memcpy4                     
0000b9d4  __aeabi_memcpy8                     
0000c048  __aeabi_memset                      
0000c048  __aeabi_memset4                     
0000c048  __aeabi_memset8                     
ffffffff  __binit__                           
ffffffff  __c_args__                          
0000bf6c  _c_int00                            
0000ae28  _cacheDisable_                      
0000ade4  _cacheEnable_                       
0000adc4  _checkMemInitOn_                    
0000acd0  _coreClearAuxiliaryDataFault_       
0000ace4  _coreClearAuxiliaryInstructionFault_
0000aca8  _coreClearDataFaultAddress_         
0000ac80  _coreClearDataFault_                
0000acbc  _coreClearInstructionFaultAddress_  
0000ac94  _coreClearInstructionFault_         
0000ac58  _coreDisableEventBusExport_         
0000ac48  _coreEnableEventBusExport_          
0000ac68  _coreEnableIrqVicOffset_            
0000ac30  _coreEnableVfp_                     
0000acc8  _coreGetAuxiliaryDataFault_         
0000acdc  _coreGetAuxiliaryInstructionFault_  
0000aca0  _coreGetDataFaultAddress_           
0000ac78  _coreGetDataFault_                  
0000acb4  _coreGetInstructionFaultAddress_    
0000ac8c  _coreGetInstructionFault_           
0000aab8  _coreInitRegisters_                 
0000abc4  _coreInitStackPointer_              
0000ae4c  _dCacheInvalidate_                  
0000acf0  _disable_IRQ_interrupt_             
0000acf8  _enable_IRQ_interrupt_              
0000ad00  _enable_interrupt_                  
0000a454  _errata_SSWF021_45_both_plls        
0000a648  _errata_SSWF021_45_pll1             
0000a7c0  _errata_SSWF021_45_pll2             
0000ad08  _esmCcmErrorsClear_                 
0000ac10  _getCPSRValue_                      
0000ac18  _gotoCPUIdle_                       
0000ae60  _iCacheInvalidate_                  
0000ad90  _memInit_                           
0000b190  _mpuAreRegionsSeparate_             
0000b174  _mpuDisableBackgroundRegion_        
0000b14c  _mpuDisable_                        
0000b164  _mpuEnableBackgroundRegion_         
0000b134  _mpuEnable_                         
0000b184  _mpuGetNumberOfRegions_             
0000b1b4  _mpuGetRegionBaseAddress_           
0000b1d4  _mpuGetRegionPermission_            
0000b1c8  _mpuGetRegionType_                  
0000b1a4  _mpuGetRegion_                      
0000ae7c  _mpuInit_                           
0000b1ac  _mpuSetRegionBaseAddress_           
0000b1e0  _mpuSetRegionSizeRegister_          
0000b1bc  _mpuSetRegionTypeAndPermission_     
0000b19c  _mpuSetRegion_                      
UNDEFED   _system_post_cinit                  
0000c298  abort                               
ffffffff  binit                               
000092e0  customTrimLPO                       
0000c224  dmaGroupANotification               
00001f18  eTaskConfirmSleepModeStatus         
00000890  eTaskGetState                       
0000c238  epcCAMFullNotification              
0000c23c  epcFIFOFullNotification             
00009ed8  esmActivateNormalOperation          
0000a024  esmClearStatus                      
0000a088  esmClearStatusBuffer                
0000a064  esmClearStatusUpper                 
00009e84  esmDisableError                     
00009eac  esmDisableErrorUpper                
00009f2c  esmDisableInterrupt                 
00009f54  esmDisableInterruptUpper            
00009e40  esmEnableError                      
00009e68  esmEnableErrorUpper                 
00009ee8  esmEnableInterrupt                  
00009f10  esmEnableInterruptUpper             
0000a1b8  esmEnterSelfTest                    
00009e24  esmError                            
0000a290  esmGetConfigValue                   
0000a0c4  esmGetStatus                        
0000a190  esmGetStatusBuffer                  
0000a148  esmGetStatusUpper                   
0000c1ec  esmGroup1Notification               
0000c200  esmGroup2Notification               
0000c214  esmGroup3Notification               
0000bb54  esmHighInterrupt                    
00009cc8  esmInit                             
0000a240  esmSelfTestStatus                   
0000a0a4  esmSetCounterPreloadValue           
00009f70  esmSetInterruptLevel                
00009fe4  esmSetInterruptLevelUpper           
00009ec8  esmTriggerErrorPinReset             
00008d80  getResetSource                      
0000c2a0  handlePLLLockFail                   
0000c290  main                                
00008bb0  mapClocks                           
0000b9d4  memcpy                              
0000c054  memset                              
00008020  muxInit                             
00001354  pcTaskGetName                       
00008afc  periphInit                          
0000c2a4  phantomInterrupt                    
00003084  prvMpuDisable                       
0000306c  prvMpuEnable                        
00003054  prvMpuSetRegion                     
00003488  pvPortMalloc                        
00001ff8  pvTaskGetThreadLocalStoragePointer  
080008d0  pxCurrentTCB                        
000030ac  pxPortInitialiseStack               
00000000  resetEntry                          
00008abc  setupFlash                          
000089e0  setupPLL                            
0000c24c  strlen                              
00008ea8  systemGetConfigValue                
00008cdc  systemInit                          
00008d50  systemPowerDown                     
00008a40  trimLPO                             
08003010  ulCriticalNesting                   
00002f7c  ulPortCountLeadingZeros             
08003014  ulTaskHasFPUContext                 
00002390  ulTaskNotifyTake                    
0000b948  uxListRemove                        
00001348  uxTaskGetNumberOfTasks              
0000223c  uxTaskGetStackHighWaterMark         
00000994  uxTaskPriorityGet                   
000009d8  uxTaskPriorityGetFromISR            
00002354  uxTaskResetEventItemValue           
0000b79c  vListInitialise                     
0000b7f4  vListInitialiseItem                 
0000b884  vListInsert                         
0000b810  vListInsertEnd                      
00003454  vPortEndScheduler                   
000036e0  vPortFree                           
000037f0  vPortInitialiseBlocks               
00002f70  vPortInitialiseFPSCR                
00002e70  vPortPreemptiveTick                 
00002f84  vPortSWI                            
00002c00  vPortStartFirstTask                 
000031c0  vPortStoreTaskMPUSettings           
00002d7c  vPortYeildWithinAPI                 
00002c90  vPortYieldProcessor                 
00002064  vTaskAllocateMPURegions             
0000080c  vTaskDelay                          
000006a0  vTaskDelayUntil                     
00000538  vTaskDelete                         
00001084  vTaskEndScheduler                   
00001f08  vTaskMissedYield                    
00002954  vTaskNotifyGiveFromISR              
00001ad0  vTaskPlaceOnEventList               
00001b14  vTaskPlaceOnUnorderedEventList      
00000a20  vTaskPrioritySet                    
00000e20  vTaskResume                         
00001f94  vTaskSetThreadLocalStoragePointer   
00001d90  vTaskSetTimeOutState                
00000fec  vTaskStartScheduler                 
0000166c  vTaskStepTick                       
00000c18  vTaskSuspend                        
000010a0  vTaskSuspendAll                     
000019f0  vTaskSwitchContext                  
00009460  vimChannelMap                       
000096cc  vimDisableInterrupt                 
0000b1e8  vimECCErrorHandler                  
00009504  vimEnableInterrupt                  
00009778  vimGetConfigValue                   
0000938c  vimInit                             
000037d8  xPortGetFreeHeapSize                
000037e4  xPortGetMinimumEverFreeHeapSize     
00003434  xPortStartScheduler                 
000016c8  xTaskAbortDelay                     
00001dd0  xTaskCheckForTimeOut                
000000fc  xTaskCreate                         
00000020  xTaskCreateRestricted               
00002580  xTaskGenericNotify                  
00002754  xTaskGenericNotifyFromISR           
0000152c  xTaskGetHandle                      
00001634  xTaskGetIdleTaskHandle              
00002304  xTaskGetSchedulerState              
00001308  xTaskGetTickCount                   
00001324  xTaskGetTickCountFromISR            
000017c8  xTaskIncrementTick                  
0000bdb4  xTaskNotifyStateClear               
00002468  xTaskNotifyWait                     
00001b98  xTaskRemoveFromEventList            
00001c88  xTaskRemoveFromUnorderedEventList   
00001158  xTaskResumeAll                      
00000f04  xTaskResumeFromISR                  


GLOBAL SYMBOLS: SORTED BY Symbol Address 

address   name                                
-------   ----                                
00000000  __TI_static_base__                  
00000000  resetEntry                          
00000020  xTaskCreateRestricted               
000000fc  xTaskCreate                         
00000538  vTaskDelete                         
000006a0  vTaskDelayUntil                     
0000080c  vTaskDelay                          
00000890  eTaskGetState                       
00000994  uxTaskPriorityGet                   
000009d8  uxTaskPriorityGetFromISR            
00000a20  vTaskPrioritySet                    
00000c18  vTaskSuspend                        
00000e20  vTaskResume                         
00000f04  xTaskResumeFromISR                  
00000fec  vTaskStartScheduler                 
00001084  vTaskEndScheduler                   
000010a0  vTaskSuspendAll                     
00001158  xTaskResumeAll                      
00001308  xTaskGetTickCount                   
00001324  xTaskGetTickCountFromISR            
00001348  uxTaskGetNumberOfTasks              
00001354  pcTaskGetName                       
0000152c  xTaskGetHandle                      
00001634  xTaskGetIdleTaskHandle              
0000166c  vTaskStepTick                       
000016c8  xTaskAbortDelay                     
000017c8  xTaskIncrementTick                  
000019f0  vTaskSwitchContext                  
00001ad0  vTaskPlaceOnEventList               
00001b14  vTaskPlaceOnUnorderedEventList      
00001b98  xTaskRemoveFromEventList            
00001c88  xTaskRemoveFromUnorderedEventList   
00001d90  vTaskSetTimeOutState                
00001dd0  xTaskCheckForTimeOut                
00001f08  vTaskMissedYield                    
00001f18  eTaskConfirmSleepModeStatus         
00001f94  vTaskSetThreadLocalStoragePointer   
00001ff8  pvTaskGetThreadLocalStoragePointer  
00002064  vTaskAllocateMPURegions             
0000223c  uxTaskGetStackHighWaterMark         
00002304  xTaskGetSchedulerState              
00002354  uxTaskResetEventItemValue           
00002390  ulTaskNotifyTake                    
00002468  xTaskNotifyWait                     
00002580  xTaskGenericNotify                  
00002754  xTaskGenericNotifyFromISR           
00002954  vTaskNotifyGiveFromISR              
00002c00  vPortStartFirstTask                 
00002c90  vPortYieldProcessor                 
00002d7c  vPortYeildWithinAPI                 
00002e70  vPortPreemptiveTick                 
00002f70  vPortInitialiseFPSCR                
00002f7c  ulPortCountLeadingZeros             
00002f84  vPortSWI                            
00003054  prvMpuSetRegion                     
0000306c  prvMpuEnable                        
00003084  prvMpuDisable                       
000030ac  pxPortInitialiseStack               
000031c0  vPortStoreTaskMPUSettings           
00003434  xPortStartScheduler                 
00003454  vPortEndScheduler                   
00003488  pvPortMalloc                        
000036e0  vPortFree                           
000037d8  xPortGetFreeHeapSize                
000037e4  xPortGetMinimumEverFreeHeapSize     
000037f0  vPortInitialiseBlocks               
00003820  __TI_Handler_Table_Base             
0000382c  __TI_Handler_Table_Limit            
00003850  __TI_CINIT_Base                     
00003870  __TI_CINIT_Limit                    
00008020  muxInit                             
000089e0  setupPLL                            
00008a40  trimLPO                             
00008abc  setupFlash                          
00008afc  periphInit                          
00008bb0  mapClocks                           
00008cdc  systemInit                          
00008d50  systemPowerDown                     
00008d80  getResetSource                      
00008ea8  systemGetConfigValue                
000092e0  customTrimLPO                       
0000938c  vimInit                             
00009460  vimChannelMap                       
00009504  vimEnableInterrupt                  
000096cc  vimDisableInterrupt                 
00009778  vimGetConfigValue                   
00009cc8  esmInit                             
00009e24  esmError                            
00009e40  esmEnableError                      
00009e68  esmEnableErrorUpper                 
00009e84  esmDisableError                     
00009eac  esmDisableErrorUpper                
00009ec8  esmTriggerErrorPinReset             
00009ed8  esmActivateNormalOperation          
00009ee8  esmEnableInterrupt                  
00009f10  esmEnableInterruptUpper             
00009f2c  esmDisableInterrupt                 
00009f54  esmDisableInterruptUpper            
00009f70  esmSetInterruptLevel                
00009fe4  esmSetInterruptLevelUpper           
0000a024  esmClearStatus                      
0000a064  esmClearStatusUpper                 
0000a088  esmClearStatusBuffer                
0000a0a4  esmSetCounterPreloadValue           
0000a0c4  esmGetStatus                        
0000a148  esmGetStatusUpper                   
0000a190  esmGetStatusBuffer                  
0000a1b8  esmEnterSelfTest                    
0000a240  esmSelfTestStatus                   
0000a290  esmGetConfigValue                   
0000a454  _errata_SSWF021_45_both_plls        
0000a648  _errata_SSWF021_45_pll1             
0000a7c0  _errata_SSWF021_45_pll2             
0000aab8  _coreInitRegisters_                 
0000abc4  _coreInitStackPointer_              
0000ac10  _getCPSRValue_                      
0000ac18  _gotoCPUIdle_                       
0000ac30  _coreEnableVfp_                     
0000ac48  _coreEnableEventBusExport_          
0000ac58  _coreDisableEventBusExport_         
0000ac68  _coreEnableIrqVicOffset_            
0000ac78  _coreGetDataFault_                  
0000ac80  _coreClearDataFault_                
0000ac8c  _coreGetInstructionFault_           
0000ac94  _coreClearInstructionFault_         
0000aca0  _coreGetDataFaultAddress_           
0000aca8  _coreClearDataFaultAddress_         
0000acb4  _coreGetInstructionFaultAddress_    
0000acbc  _coreClearInstructionFaultAddress_  
0000acc8  _coreGetAuxiliaryDataFault_         
0000acd0  _coreClearAuxiliaryDataFault_       
0000acdc  _coreGetAuxiliaryInstructionFault_  
0000ace4  _coreClearAuxiliaryInstructionFault_
0000acf0  _disable_IRQ_interrupt_             
0000acf8  _enable_IRQ_interrupt_              
0000ad00  _enable_interrupt_                  
0000ad08  _esmCcmErrorsClear_                 
0000ad90  _memInit_                           
0000adc4  _checkMemInitOn_                    
0000ade4  _cacheEnable_                       
0000ae28  _cacheDisable_                      
0000ae4c  _dCacheInvalidate_                  
0000ae60  _iCacheInvalidate_                  
0000ae74  __TI_PINIT_Base                     
0000ae78  __TI_PINIT_Limit                    
0000ae7c  _mpuInit_                           
0000b134  _mpuEnable_                         
0000b14c  _mpuDisable_                        
0000b164  _mpuEnableBackgroundRegion_         
0000b174  _mpuDisableBackgroundRegion_        
0000b184  _mpuGetNumberOfRegions_             
0000b190  _mpuAreRegionsSeparate_             
0000b19c  _mpuSetRegion_                      
0000b1a4  _mpuGetRegion_                      
0000b1ac  _mpuSetRegionBaseAddress_           
0000b1b4  _mpuGetRegionBaseAddress_           
0000b1bc  _mpuSetRegionTypeAndPermission_     
0000b1c8  _mpuGetRegionType_                  
0000b1d4  _mpuGetRegionPermission_            
0000b1e0  _mpuSetRegionSizeRegister_          
0000b1e8  vimECCErrorHandler                  
0000b79c  vListInitialise                     
0000b7f4  vListInitialiseItem                 
0000b810  vListInsertEnd                      
0000b884  vListInsert                         
0000b948  uxListRemove                        
0000b9d4  __aeabi_memcpy                      
0000b9d4  __aeabi_memcpy4                     
0000b9d4  __aeabi_memcpy8                     
0000b9d4  memcpy                              
0000bb54  esmHighInterrupt                    
0000bdb4  xTaskNotifyStateClear               
0000bf6c  _c_int00                            
0000c044  __aeabi_memclr                      
0000c044  __aeabi_memclr4                     
0000c044  __aeabi_memclr8                     
0000c048  __aeabi_memset                      
0000c048  __aeabi_memset4                     
0000c048  __aeabi_memset8                     
0000c054  memset                              
0000c0f4  __TI_decompress_lzss                
0000c184  __TI_auto_init_nobinit_nopinit      
0000c1ec  esmGroup1Notification               
0000c200  esmGroup2Notification               
0000c214  esmGroup3Notification               
0000c224  dmaGroupANotification               
0000c238  epcCAMFullNotification              
0000c23c  epcFIFOFullNotification             
0000c24c  strlen                              
0000c26c  __TI_decompress_none                
0000c280  __TI_zero_init                      
0000c290  main                                
0000c298  C$$EXIT                             
0000c298  abort                               
0000c2a0  handlePLLLockFail                   
0000c2a4  phantomInterrupt                    
080008d0  pxCurrentTCB                        
08003010  ulCriticalNesting                   
08003014  ulTaskHasFPUContext                 
ffffffff  __TI_pprof_out_hndl                 
ffffffff  __TI_prof_data_size                 
ffffffff  __TI_prof_data_start                
ffffffff  __binit__                           
ffffffff  __c_args__                          
ffffffff  binit                               
UNDEFED   SHT$$INIT_ARRAY$$Base               
UNDEFED   SHT$$INIT_ARRAY$$Limit              
UNDEFED   _system_post_cinit                  

[208 symbols]
